/home/soham/Soham/pang_reference/AccumulativeAttack/feder_runner.py:93: FutureWarning: You are using `torch.load` with `weights_only=False` (the current default value), which uses the default pickle module implicitly. It is possible to construct malicious pickle data which will execute arbitrary code during unpickling (See https://github.com/pytorch/pytorch/blob/main/SECURITY.md#untrusted-models for more details). In a future release, the default value for `weights_only` will be flipped to `True`. This limits the functions that could be executed during unpickling. Arbitrary objects will no longer be allowed to be loaded via this mode unless they are explicitly allowlisted by the user via `torch.serialization.add_safe_globals`. We recommend you start setting `weights_only=True` for any use case where you don't have full control of the loaded file. Please open an issue on GitHub for any issues related to this experimental feature.
  ckpt = torch.load(os.path.join(args.resume, args.model_name))
Namespace(dataroot='data/CIFAR-10/', shared=None, depth=18, group_norm=32, batch_size=100, test_batch_size=500, workers=0, log_name='log_accu_l0.05_clip10_seed3.txt', attack_method='pgd', print_freq=50, lr=0.1, accu_iter=1, online=False, shuffle=False, epsilon=0.2, dset_size=0, use_bn=True, only_second=False, only_normal=False, only_reg=False, test_tri=False, resume='checkpoints_base_bn', model_name='epoch40.pth', mode='train', onlinemode='train', outf='.', momentum=0.9, weight_decay=0, fe_tri_scale=1.0, fe_train_scale=1.0, feder_lambda=0.05, feder_lambda_clean=1.0, epochs=1000, num_steps=2, seed=3, use_initlr=False, threshold=1.202, restore_optimizer=False, clip_gradnorm=True, clipvalue=10.0, poisoned_trigger_step=1.0, main='federated')
Resuming from checkpoints_base_bn...
Epoch: 40 Error: 0.133
Preparing data...
Files already downloaded and verified
Files already downloaded and verified
 * Acc@1 0.867
Test loss:  0.4575842320919037
Initial test error: 0.1330
tensor(0.0645, device='cuda:0')
 * Acc@1 0.873
Test loss:  0.4323807656764984
Epoch:0 Test error: 0.1271
tensor(0.0650, device='cuda:0')
tensor(0.0672, device='cuda:0')
tensor(0.0726, device='cuda:0')
tensor(0.0570, device='cuda:0')
tensor(0.0478, device='cuda:0')
tensor(0.0409, device='cuda:0')
tensor(0.0379, device='cuda:0')
tensor(0.0374, device='cuda:0')
tensor(0.0354, device='cuda:0')
tensor(0.0346, device='cuda:0')
 * Acc@1 0.884
Test loss:  0.3817400336265564
Epoch:10 Test error: 0.1161
tensor(0.0336, device='cuda:0')
tensor(0.0331, device='cuda:0')
tensor(0.0322, device='cuda:0')
tensor(0.0319, device='cuda:0')
tensor(0.0312, device='cuda:0')
tensor(0.0307, device='cuda:0')
tensor(0.0292, device='cuda:0')
tensor(0.0274, device='cuda:0')
tensor(0.0314, device='cuda:0')
tensor(0.0336, device='cuda:0')
 * Acc@1 0.884
Test loss:  0.3848513066768646
Epoch:20 Test error: 0.1161
tensor(0.0360, device='cuda:0')
tensor(0.0320, device='cuda:0')
tensor(0.0281, device='cuda:0')
tensor(0.0276, device='cuda:0')
tensor(0.0301, device='cuda:0')
tensor(0.0309, device='cuda:0')
tensor(0.0309, device='cuda:0')
tensor(0.0308, device='cuda:0')
tensor(0.0301, device='cuda:0')
tensor(0.0318, device='cuda:0')
 * Acc@1 0.880
Test loss:  0.40059417486190796
Epoch:30 Test error: 0.1202
tensor(0.0340, device='cuda:0')
tensor(0.0344, device='cuda:0')
tensor(0.0323, device='cuda:0')
tensor(0.0327, device='cuda:0')
tensor(0.0342, device='cuda:0')
tensor(0.0361, device='cuda:0')
tensor(0.0340, device='cuda:0')
tensor(0.0341, device='cuda:0')
tensor(0.0366, device='cuda:0')
tensor(0.0374, device='cuda:0')
 * Acc@1 0.876
Test loss:  0.42325541377067566
Epoch:40 Test error: 0.1244
tensor(0.0377, device='cuda:0')
tensor(0.0366, device='cuda:0')
tensor(0.0385, device='cuda:0')
tensor(0.0378, device='cuda:0')
tensor(0.0371, device='cuda:0')
tensor(0.0370, device='cuda:0')
tensor(0.0359, device='cuda:0')
tensor(0.0358, device='cuda:0')
tensor(0.0343, device='cuda:0')
tensor(0.0345, device='cuda:0')
 * Acc@1 0.868
Test loss:  0.45942285656929016
Epoch:50 Test error: 0.1322
tensor(0.0347, device='cuda:0')
tensor(0.0355, device='cuda:0')
tensor(0.0371, device='cuda:0')
tensor(0.0346, device='cuda:0')
tensor(0.0313, device='cuda:0')
tensor(0.0304, device='cuda:0')
tensor(0.0311, device='cuda:0')
tensor(0.0307, device='cuda:0')
tensor(0.0272, device='cuda:0')
tensor(0.0263, device='cuda:0')
 * Acc@1 0.865
Test loss:  0.47398242354393005
Epoch:60 Test error: 0.1354
tensor(0.0259, device='cuda:0')
tensor(0.0252, device='cuda:0')
tensor(0.0241, device='cuda:0')
tensor(0.0237, device='cuda:0')
tensor(0.0231, device='cuda:0')
tensor(0.0226, device='cuda:0')
tensor(0.0219, device='cuda:0')
tensor(0.0211, device='cuda:0')
tensor(0.0204, device='cuda:0')
tensor(0.0202, device='cuda:0')
 * Acc@1 0.860
Test loss:  0.49145016074180603
Epoch:70 Test error: 0.1400
tensor(0.0198, device='cuda:0')
tensor(0.0194, device='cuda:0')
tensor(0.0191, device='cuda:0')
tensor(0.0181, device='cuda:0')
tensor(0.0172, device='cuda:0')
tensor(0.0172, device='cuda:0')
tensor(0.0163, device='cuda:0')
tensor(0.0155, device='cuda:0')
tensor(0.0150, device='cuda:0')
tensor(0.0147, device='cuda:0')
 * Acc@1 0.858
Test loss:  0.5003658533096313
Epoch:80 Test error: 0.1422
tensor(0.0142, device='cuda:0')
tensor(0.0141, device='cuda:0')
tensor(0.0133, device='cuda:0')
tensor(0.0128, device='cuda:0')
tensor(0.0125, device='cuda:0')
tensor(0.0122, device='cuda:0')
tensor(0.0117, device='cuda:0')
tensor(0.0115, device='cuda:0')
tensor(0.0115, device='cuda:0')
tensor(0.0112, device='cuda:0')
 * Acc@1 0.857
Test loss:  0.5059757232666016
Epoch:90 Test error: 0.1435
tensor(0.0109, device='cuda:0')
tensor(0.0105, device='cuda:0')
tensor(0.0104, device='cuda:0')
tensor(0.0105, device='cuda:0')
tensor(0.0100, device='cuda:0')
tensor(0.0100, device='cuda:0')
tensor(0.0098, device='cuda:0')
tensor(0.0099, device='cuda:0')
tensor(0.0094, device='cuda:0')
tensor(0.0092, device='cuda:0')
 * Acc@1 0.854
Test loss:  0.5125831961631775
Epoch:100 Test error: 0.1460
tensor(0.0093, device='cuda:0')
tensor(0.0089, device='cuda:0')
tensor(0.0087, device='cuda:0')
tensor(0.0087, device='cuda:0')
tensor(0.0087, device='cuda:0')
tensor(0.0084, device='cuda:0')
tensor(0.0083, device='cuda:0')
tensor(0.0082, device='cuda:0')
tensor(0.0081, device='cuda:0')
tensor(0.0080, device='cuda:0')
 * Acc@1 0.852
Test loss:  0.5223810076713562
Epoch:110 Test error: 0.1484
tensor(0.0079, device='cuda:0')
tensor(0.0078, device='cuda:0')
tensor(0.0077, device='cuda:0')
tensor(0.0075, device='cuda:0')
tensor(0.0074, device='cuda:0')
tensor(0.0072, device='cuda:0')
tensor(0.0071, device='cuda:0')
tensor(0.0071, device='cuda:0')
tensor(0.0070, device='cuda:0')
tensor(0.0069, device='cuda:0')
 * Acc@1 0.850
Test loss:  0.5261183381080627
Epoch:120 Test error: 0.1499
tensor(0.0068, device='cuda:0')
tensor(0.0067, device='cuda:0')
tensor(0.0067, device='cuda:0')
tensor(0.0066, device='cuda:0')
tensor(0.0065, device='cuda:0')
tensor(0.0065, device='cuda:0')
tensor(0.0065, device='cuda:0')
tensor(0.0063, device='cuda:0')
tensor(0.0063, device='cuda:0')
tensor(0.0062, device='cuda:0')
 * Acc@1 0.850
Test loss:  0.5306192636489868
Epoch:130 Test error: 0.1504
tensor(0.0062, device='cuda:0')
tensor(0.0061, device='cuda:0')
tensor(0.0061, device='cuda:0')
tensor(0.0060, device='cuda:0')
tensor(0.0059, device='cuda:0')
tensor(0.0059, device='cuda:0')
tensor(0.0058, device='cuda:0')
tensor(0.0058, device='cuda:0')
tensor(0.0058, device='cuda:0')
tensor(0.0057, device='cuda:0')
 * Acc@1 0.848
Test loss:  0.5376084446907043
Epoch:140 Test error: 0.1521
tensor(0.0056, device='cuda:0')
tensor(0.0056, device='cuda:0')
tensor(0.0056, device='cuda:0')
tensor(0.0055, device='cuda:0')
tensor(0.0054, device='cuda:0')
tensor(0.0054, device='cuda:0')
tensor(0.0053, device='cuda:0')
tensor(0.0052, device='cuda:0')
tensor(0.0052, device='cuda:0')
tensor(0.0052, device='cuda:0')
 * Acc@1 0.847
Test loss:  0.5405223965644836
Epoch:150 Test error: 0.1526
tensor(0.0052, device='cuda:0')
tensor(0.0051, device='cuda:0')
tensor(0.0050, device='cuda:0')
tensor(0.0050, device='cuda:0')
tensor(0.0050, device='cuda:0')
tensor(0.0049, device='cuda:0')
tensor(0.0048, device='cuda:0')
tensor(0.0048, device='cuda:0')
tensor(0.0048, device='cuda:0')
tensor(0.0047, device='cuda:0')
 * Acc@1 0.847
Test loss:  0.5445335507392883
Epoch:160 Test error: 0.1533
tensor(0.0047, device='cuda:0')
tensor(0.0046, device='cuda:0')
tensor(0.0046, device='cuda:0')
tensor(0.0045, device='cuda:0')
tensor(0.0045, device='cuda:0')
tensor(0.0045, device='cuda:0')
tensor(0.0045, device='cuda:0')
tensor(0.0045, device='cuda:0')
tensor(0.0044, device='cuda:0')
tensor(0.0044, device='cuda:0')
 * Acc@1 0.846
Test loss:  0.5491923093795776
Epoch:170 Test error: 0.1544
tensor(0.0044, device='cuda:0')
tensor(0.0043, device='cuda:0')
tensor(0.0043, device='cuda:0')
tensor(0.0043, device='cuda:0')
tensor(0.0042, device='cuda:0')
tensor(0.0042, device='cuda:0')
tensor(0.0042, device='cuda:0')
tensor(0.0042, device='cuda:0')
tensor(0.0042, device='cuda:0')
tensor(0.0042, device='cuda:0')
 * Acc@1 0.846
Test loss:  0.5523627400398254
Epoch:180 Test error: 0.1545
tensor(0.0041, device='cuda:0')
tensor(0.0041, device='cuda:0')
tensor(0.0041, device='cuda:0')
tensor(0.0041, device='cuda:0')
tensor(0.0040, device='cuda:0')
tensor(0.0040, device='cuda:0')
tensor(0.0040, device='cuda:0')
tensor(0.0039, device='cuda:0')
tensor(0.0039, device='cuda:0')
tensor(0.0039, device='cuda:0')
 * Acc@1 0.845
Test loss:  0.5562030076980591
Epoch:190 Test error: 0.1549
tensor(0.0039, device='cuda:0')
tensor(0.0038, device='cuda:0')
tensor(0.0038, device='cuda:0')
tensor(0.0038, device='cuda:0')
tensor(0.0038, device='cuda:0')
tensor(0.0038, device='cuda:0')
tensor(0.0037, device='cuda:0')
tensor(0.0037, device='cuda:0')
tensor(0.0036, device='cuda:0')
tensor(0.0036, device='cuda:0')
 * Acc@1 0.844
Test loss:  0.5595256090164185
Epoch:200 Test error: 0.1558
tensor(0.0035, device='cuda:0')
tensor(0.0036, device='cuda:0')
tensor(0.0035, device='cuda:0')
tensor(0.0035, device='cuda:0')
tensor(0.0035, device='cuda:0')
tensor(0.0035, device='cuda:0')
tensor(0.0034, device='cuda:0')
tensor(0.0034, device='cuda:0')
tensor(0.0034, device='cuda:0')
tensor(0.0033, device='cuda:0')
 * Acc@1 0.844
Test loss:  0.5626832842826843
Epoch:210 Test error: 0.1565
tensor(0.0033, device='cuda:0')
tensor(0.0033, device='cuda:0')
tensor(0.0033, device='cuda:0')
tensor(0.0033, device='cuda:0')
tensor(0.0033, device='cuda:0')
tensor(0.0033, device='cuda:0')
tensor(0.0033, device='cuda:0')
tensor(0.0033, device='cuda:0')
tensor(0.0032, device='cuda:0')
tensor(0.0033, device='cuda:0')
 * Acc@1 0.843
Test loss:  0.5647106170654297
Epoch:220 Test error: 0.1570
tensor(0.0033, device='cuda:0')
tensor(0.0032, device='cuda:0')
tensor(0.0032, device='cuda:0')
tensor(0.0032, device='cuda:0')
tensor(0.0032, device='cuda:0')
tensor(0.0031, device='cuda:0')
tensor(0.0031, device='cuda:0')
tensor(0.0031, device='cuda:0')
tensor(0.0031, device='cuda:0')
tensor(0.0031, device='cuda:0')
 * Acc@1 0.843
Test loss:  0.5675655603408813
Epoch:230 Test error: 0.1575
tensor(0.0031, device='cuda:0')
tensor(0.0031, device='cuda:0')
tensor(0.0031, device='cuda:0')
tensor(0.0030, device='cuda:0')
tensor(0.0030, device='cuda:0')
tensor(0.0030, device='cuda:0')
tensor(0.0030, device='cuda:0')
tensor(0.0030, device='cuda:0')
tensor(0.0030, device='cuda:0')
tensor(0.0030, device='cuda:0')
 * Acc@1 0.842
Test loss:  0.5706908106803894
Epoch:240 Test error: 0.1582
tensor(0.0029, device='cuda:0')
tensor(0.0029, device='cuda:0')
tensor(0.0029, device='cuda:0')
tensor(0.0029, device='cuda:0')
tensor(0.0029, device='cuda:0')
tensor(0.0029, device='cuda:0')
tensor(0.0028, device='cuda:0')
tensor(0.0028, device='cuda:0')
tensor(0.0028, device='cuda:0')
tensor(0.0028, device='cuda:0')
 * Acc@1 0.841
Test loss:  0.57356858253479
Epoch:250 Test error: 0.1587
tensor(0.0028, device='cuda:0')
tensor(0.0028, device='cuda:0')
tensor(0.0028, device='cuda:0')
tensor(0.0028, device='cuda:0')
tensor(0.0028, device='cuda:0')
tensor(0.0028, device='cuda:0')
tensor(0.0028, device='cuda:0')
tensor(0.0027, device='cuda:0')
tensor(0.0027, device='cuda:0')
tensor(0.0027, device='cuda:0')
 * Acc@1 0.841
Test loss:  0.5764748454093933
Epoch:260 Test error: 0.1589
tensor(0.0027, device='cuda:0')
tensor(0.0027, device='cuda:0')
tensor(0.0027, device='cuda:0')
tensor(0.0027, device='cuda:0')
tensor(0.0027, device='cuda:0')
tensor(0.0027, device='cuda:0')
tensor(0.0027, device='cuda:0')
tensor(0.0027, device='cuda:0')
tensor(0.0027, device='cuda:0')
tensor(0.0026, device='cuda:0')
 * Acc@1 0.840
Test loss:  0.5797034502029419
Epoch:270 Test error: 0.1600
tensor(0.0026, device='cuda:0')
tensor(0.0026, device='cuda:0')
tensor(0.0026, device='cuda:0')
tensor(0.0026, device='cuda:0')
tensor(0.0026, device='cuda:0')
tensor(0.0026, device='cuda:0')
tensor(0.0026, device='cuda:0')
tensor(0.0026, device='cuda:0')
tensor(0.0026, device='cuda:0')
tensor(0.0026, device='cuda:0')
 * Acc@1 0.840
Test loss:  0.5823243856430054
Epoch:280 Test error: 0.1600
tensor(0.0026, device='cuda:0')
tensor(0.0026, device='cuda:0')
tensor(0.0026, device='cuda:0')
tensor(0.0026, device='cuda:0')
tensor(0.0026, device='cuda:0')
tensor(0.0026, device='cuda:0')
tensor(0.0025, device='cuda:0')
tensor(0.0025, device='cuda:0')
tensor(0.0025, device='cuda:0')
tensor(0.0025, device='cuda:0')
 * Acc@1 0.839
Test loss:  0.5851535201072693
Epoch:290 Test error: 0.1610
tensor(0.0025, device='cuda:0')
tensor(0.0025, device='cuda:0')
tensor(0.0025, device='cuda:0')
tensor(0.0025, device='cuda:0')
tensor(0.0025, device='cuda:0')
tensor(0.0025, device='cuda:0')
tensor(0.0025, device='cuda:0')
tensor(0.0024, device='cuda:0')
tensor(0.0024, device='cuda:0')
tensor(0.0024, device='cuda:0')
 * Acc@1 0.838
Test loss:  0.5882787704467773
Epoch:300 Test error: 0.1616
tensor(0.0024, device='cuda:0')
tensor(0.0024, device='cuda:0')
tensor(0.0024, device='cuda:0')
tensor(0.0023, device='cuda:0')
tensor(0.0023, device='cuda:0')
tensor(0.0023, device='cuda:0')
tensor(0.0023, device='cuda:0')
tensor(0.0023, device='cuda:0')
tensor(0.0023, device='cuda:0')
tensor(0.0023, device='cuda:0')
 * Acc@1 0.838
Test loss:  0.5912346243858337
Epoch:310 Test error: 0.1624
tensor(0.0023, device='cuda:0')
tensor(0.0023, device='cuda:0')
tensor(0.0023, device='cuda:0')
tensor(0.0023, device='cuda:0')
tensor(0.0023, device='cuda:0')
tensor(0.0022, device='cuda:0')
tensor(0.0022, device='cuda:0')
tensor(0.0022, device='cuda:0')
tensor(0.0022, device='cuda:0')
tensor(0.0022, device='cuda:0')
 * Acc@1 0.837
Test loss:  0.5946095585823059
Epoch:320 Test error: 0.1626
tensor(0.0022, device='cuda:0')
tensor(0.0022, device='cuda:0')
tensor(0.0022, device='cuda:0')
tensor(0.0022, device='cuda:0')
tensor(0.0022, device='cuda:0')
tensor(0.0022, device='cuda:0')
tensor(0.0022, device='cuda:0')
tensor(0.0022, device='cuda:0')
tensor(0.0022, device='cuda:0')
tensor(0.0022, device='cuda:0')
 * Acc@1 0.837
Test loss:  0.5973139405250549
Epoch:330 Test error: 0.1633
tensor(0.0021, device='cuda:0')
tensor(0.0021, device='cuda:0')
tensor(0.0021, device='cuda:0')
tensor(0.0021, device='cuda:0')
tensor(0.0021, device='cuda:0')
tensor(0.0021, device='cuda:0')
tensor(0.0021, device='cuda:0')
tensor(0.0021, device='cuda:0')
tensor(0.0021, device='cuda:0')
tensor(0.0020, device='cuda:0')
 * Acc@1 0.836
Test loss:  0.5998860001564026
Epoch:340 Test error: 0.1637
tensor(0.0020, device='cuda:0')
tensor(0.0020, device='cuda:0')
tensor(0.0020, device='cuda:0')
tensor(0.0020, device='cuda:0')
tensor(0.0020, device='cuda:0')
tensor(0.0020, device='cuda:0')
tensor(0.0020, device='cuda:0')
tensor(0.0020, device='cuda:0')
tensor(0.0020, device='cuda:0')
tensor(0.0020, device='cuda:0')
 * Acc@1 0.836
Test loss:  0.602081835269928
Epoch:350 Test error: 0.1642
tensor(0.0020, device='cuda:0')
tensor(0.0020, device='cuda:0')
tensor(0.0020, device='cuda:0')
tensor(0.0020, device='cuda:0')
tensor(0.0020, device='cuda:0')
tensor(0.0019, device='cuda:0')
tensor(0.0019, device='cuda:0')
tensor(0.0019, device='cuda:0')
tensor(0.0019, device='cuda:0')
tensor(0.0019, device='cuda:0')
 * Acc@1 0.835
Test loss:  0.6049786806106567
Epoch:360 Test error: 0.1652
tensor(0.0019, device='cuda:0')
tensor(0.0019, device='cuda:0')
tensor(0.0019, device='cuda:0')
tensor(0.0019, device='cuda:0')
tensor(0.0019, device='cuda:0')
tensor(0.0019, device='cuda:0')
tensor(0.0019, device='cuda:0')
tensor(0.0019, device='cuda:0')
tensor(0.0019, device='cuda:0')
tensor(0.0019, device='cuda:0')
 * Acc@1 0.834
Test loss:  0.607237696647644
Epoch:370 Test error: 0.1660
tensor(0.0019, device='cuda:0')
tensor(0.0018, device='cuda:0')
tensor(0.0018, device='cuda:0')
tensor(0.0018, device='cuda:0')
tensor(0.0018, device='cuda:0')
tensor(0.0018, device='cuda:0')
tensor(0.0018, device='cuda:0')
tensor(0.0018, device='cuda:0')
tensor(0.0018, device='cuda:0')
tensor(0.0018, device='cuda:0')
 * Acc@1 0.834
Test loss:  0.6091916561126709
Epoch:380 Test error: 0.1664
tensor(0.0018, device='cuda:0')
tensor(0.0018, device='cuda:0')
tensor(0.0018, device='cuda:0')
tensor(0.0018, device='cuda:0')
tensor(0.0018, device='cuda:0')
tensor(0.0018, device='cuda:0')
tensor(0.0018, device='cuda:0')
tensor(0.0018, device='cuda:0')
tensor(0.0018, device='cuda:0')
tensor(0.0018, device='cuda:0')
 * Acc@1 0.833
Test loss:  0.6105378270149231
Epoch:390 Test error: 0.1668
tensor(0.0018, device='cuda:0')
tensor(0.0017, device='cuda:0')
tensor(0.0017, device='cuda:0')
tensor(0.0018, device='cuda:0')
tensor(0.0018, device='cuda:0')
tensor(0.0017, device='cuda:0')
tensor(0.0017, device='cuda:0')
tensor(0.0017, device='cuda:0')
tensor(0.0017, device='cuda:0')
tensor(0.0017, device='cuda:0')
 * Acc@1 0.833
Test loss:  0.6124415993690491
Epoch:400 Test error: 0.1674
tensor(0.0017, device='cuda:0')
tensor(0.0017, device='cuda:0')
tensor(0.0017, device='cuda:0')
tensor(0.0017, device='cuda:0')
tensor(0.0017, device='cuda:0')
tensor(0.0017, device='cuda:0')
tensor(0.0017, device='cuda:0')
tensor(0.0017, device='cuda:0')
tensor(0.0017, device='cuda:0')
tensor(0.0017, device='cuda:0')
 * Acc@1 0.832
Test loss:  0.6143396496772766
Epoch:410 Test error: 0.1677
tensor(0.0017, device='cuda:0')
tensor(0.0017, device='cuda:0')
tensor(0.0017, device='cuda:0')
tensor(0.0017, device='cuda:0')
tensor(0.0017, device='cuda:0')
tensor(0.0017, device='cuda:0')
tensor(0.0017, device='cuda:0')
tensor(0.0017, device='cuda:0')
tensor(0.0017, device='cuda:0')
tensor(0.0017, device='cuda:0')
 * Acc@1 0.832
Test loss:  0.616142213344574
Epoch:420 Test error: 0.1679
tensor(0.0017, device='cuda:0')
tensor(0.0017, device='cuda:0')
tensor(0.0016, device='cuda:0')
tensor(0.0016, device='cuda:0')
tensor(0.0016, device='cuda:0')
tensor(0.0016, device='cuda:0')
tensor(0.0016, device='cuda:0')
tensor(0.0016, device='cuda:0')
tensor(0.0016, device='cuda:0')
tensor(0.0016, device='cuda:0')
 * Acc@1 0.832
Test loss:  0.6172935962677002
Epoch:430 Test error: 0.1685
tensor(0.0016, device='cuda:0')
tensor(0.0016, device='cuda:0')
tensor(0.0016, device='cuda:0')
tensor(0.0016, device='cuda:0')
tensor(0.0016, device='cuda:0')
tensor(0.0016, device='cuda:0')
tensor(0.0016, device='cuda:0')
tensor(0.0016, device='cuda:0')
tensor(0.0016, device='cuda:0')
tensor(0.0016, device='cuda:0')
 * Acc@1 0.831
Test loss:  0.618842601776123
Epoch:440 Test error: 0.1688
tensor(0.0015, device='cuda:0')
tensor(0.0016, device='cuda:0')
tensor(0.0015, device='cuda:0')
tensor(0.0015, device='cuda:0')
tensor(0.0015, device='cuda:0')
tensor(0.0015, device='cuda:0')
tensor(0.0015, device='cuda:0')
tensor(0.0015, device='cuda:0')
tensor(0.0015, device='cuda:0')
tensor(0.0015, device='cuda:0')
 * Acc@1 0.831
Test loss:  0.6207672357559204
Epoch:450 Test error: 0.1692
tensor(0.0015, device='cuda:0')
tensor(0.0015, device='cuda:0')
tensor(0.0015, device='cuda:0')
tensor(0.0015, device='cuda:0')
tensor(0.0015, device='cuda:0')
tensor(0.0015, device='cuda:0')
tensor(0.0015, device='cuda:0')
tensor(0.0015, device='cuda:0')
tensor(0.0015, device='cuda:0')
tensor(0.0015, device='cuda:0')
 * Acc@1 0.830
Test loss:  0.6228930354118347
Epoch:460 Test error: 0.1696
tensor(0.0015, device='cuda:0')
tensor(0.0015, device='cuda:0')
tensor(0.0015, device='cuda:0')
tensor(0.0015, device='cuda:0')
tensor(0.0015, device='cuda:0')
tensor(0.0015, device='cuda:0')
tensor(0.0014, device='cuda:0')
tensor(0.0015, device='cuda:0')
tensor(0.0014, device='cuda:0')
tensor(0.0014, device='cuda:0')
 * Acc@1 0.830
Test loss:  0.6241785287857056
Epoch:470 Test error: 0.1698
tensor(0.0014, device='cuda:0')
tensor(0.0014, device='cuda:0')
tensor(0.0014, device='cuda:0')
tensor(0.0014, device='cuda:0')
tensor(0.0014, device='cuda:0')
tensor(0.0014, device='cuda:0')
tensor(0.0014, device='cuda:0')
tensor(0.0014, device='cuda:0')
tensor(0.0014, device='cuda:0')
tensor(0.0014, device='cuda:0')
 * Acc@1 0.830
Test loss:  0.6256403923034668
Epoch:480 Test error: 0.1702
tensor(0.0014, device='cuda:0')
tensor(0.0014, device='cuda:0')
tensor(0.0014, device='cuda:0')
tensor(0.0014, device='cuda:0')
tensor(0.0014, device='cuda:0')
tensor(0.0014, device='cuda:0')
tensor(0.0014, device='cuda:0')
tensor(0.0014, device='cuda:0')
tensor(0.0014, device='cuda:0')
tensor(0.0014, device='cuda:0')
 * Acc@1 0.830
Test loss:  0.627299427986145
Epoch:490 Test error: 0.1703
tensor(0.0014, device='cuda:0')
tensor(0.0014, device='cuda:0')
tensor(0.0014, device='cuda:0')
tensor(0.0014, device='cuda:0')
tensor(0.0014, device='cuda:0')
tensor(0.0014, device='cuda:0')
tensor(0.0013, device='cuda:0')
tensor(0.0013, device='cuda:0')
tensor(0.0013, device='cuda:0')
tensor(0.0013, device='cuda:0')
 * Acc@1 0.830
Test loss:  0.6288031339645386
Epoch:500 Test error: 0.1702
tensor(0.0013, device='cuda:0')
tensor(0.0013, device='cuda:0')
tensor(0.0013, device='cuda:0')
tensor(0.0013, device='cuda:0')
tensor(0.0013, device='cuda:0')
tensor(0.0013, device='cuda:0')
tensor(0.0013, device='cuda:0')
tensor(0.0013, device='cuda:0')
tensor(0.0013, device='cuda:0')
tensor(0.0013, device='cuda:0')
 * Acc@1 0.829
Test loss:  0.6305851340293884
Epoch:510 Test error: 0.1710
tensor(0.0013, device='cuda:0')
tensor(0.0013, device='cuda:0')
tensor(0.0013, device='cuda:0')
tensor(0.0013, device='cuda:0')
tensor(0.0013, device='cuda:0')
tensor(0.0013, device='cuda:0')
tensor(0.0013, device='cuda:0')
tensor(0.0013, device='cuda:0')
tensor(0.0013, device='cuda:0')
tensor(0.0013, device='cuda:0')
 * Acc@1 0.829
Test loss:  0.6322941780090332
Epoch:520 Test error: 0.1714
tensor(0.0013, device='cuda:0')
tensor(0.0013, device='cuda:0')
tensor(0.0013, device='cuda:0')
tensor(0.0013, device='cuda:0')
tensor(0.0013, device='cuda:0')
tensor(0.0013, device='cuda:0')
tensor(0.0013, device='cuda:0')
tensor(0.0013, device='cuda:0')
tensor(0.0013, device='cuda:0')
tensor(0.0013, device='cuda:0')
 * Acc@1 0.828
Test loss:  0.6337619423866272
Epoch:530 Test error: 0.1717
tensor(0.0013, device='cuda:0')
tensor(0.0013, device='cuda:0')
tensor(0.0013, device='cuda:0')
tensor(0.0013, device='cuda:0')
tensor(0.0013, device='cuda:0')
tensor(0.0013, device='cuda:0')
tensor(0.0013, device='cuda:0')
tensor(0.0013, device='cuda:0')
tensor(0.0013, device='cuda:0')
tensor(0.0013, device='cuda:0')
 * Acc@1 0.828
Test loss:  0.6357011198997498
Epoch:540 Test error: 0.1720
tensor(0.0013, device='cuda:0')
tensor(0.0013, device='cuda:0')
tensor(0.0013, device='cuda:0')
tensor(0.0012, device='cuda:0')
tensor(0.0012, device='cuda:0')
tensor(0.0012, device='cuda:0')
tensor(0.0012, device='cuda:0')
tensor(0.0013, device='cuda:0')
tensor(0.0012, device='cuda:0')
tensor(0.0012, device='cuda:0')
 * Acc@1 0.828
Test loss:  0.6370255947113037
Epoch:550 Test error: 0.1723
tensor(0.0012, device='cuda:0')
tensor(0.0012, device='cuda:0')
tensor(0.0012, device='cuda:0')
tensor(0.0012, device='cuda:0')
tensor(0.0012, device='cuda:0')
tensor(0.0012, device='cuda:0')
tensor(0.0012, device='cuda:0')
tensor(0.0012, device='cuda:0')
tensor(0.0012, device='cuda:0')
tensor(0.0012, device='cuda:0')
 * Acc@1 0.827
Test loss:  0.6382995247840881
Epoch:560 Test error: 0.1728
tensor(0.0012, device='cuda:0')
tensor(0.0012, device='cuda:0')
tensor(0.0012, device='cuda:0')
tensor(0.0012, device='cuda:0')
tensor(0.0012, device='cuda:0')
tensor(0.0012, device='cuda:0')
tensor(0.0012, device='cuda:0')
tensor(0.0012, device='cuda:0')
tensor(0.0012, device='cuda:0')
tensor(0.0012, device='cuda:0')
 * Acc@1 0.827
Test loss:  0.6396178007125854
Epoch:570 Test error: 0.1728
tensor(0.0012, device='cuda:0')
tensor(0.0012, device='cuda:0')
tensor(0.0012, device='cuda:0')
tensor(0.0012, device='cuda:0')
tensor(0.0012, device='cuda:0')
tensor(0.0012, device='cuda:0')
tensor(0.0012, device='cuda:0')
tensor(0.0012, device='cuda:0')
tensor(0.0012, device='cuda:0')
tensor(0.0012, device='cuda:0')
 * Acc@1 0.827
Test loss:  0.6413859724998474
Epoch:580 Test error: 0.1734
tensor(0.0012, device='cuda:0')
tensor(0.0012, device='cuda:0')
tensor(0.0012, device='cuda:0')
tensor(0.0012, device='cuda:0')
tensor(0.0012, device='cuda:0')
tensor(0.0012, device='cuda:0')
tensor(0.0012, device='cuda:0')
tensor(0.0012, device='cuda:0')
tensor(0.0012, device='cuda:0')
tensor(0.0012, device='cuda:0')
 * Acc@1 0.827
Test loss:  0.6427632570266724
Epoch:590 Test error: 0.1734
tensor(0.0012, device='cuda:0')
tensor(0.0012, device='cuda:0')
tensor(0.0012, device='cuda:0')
tensor(0.0012, device='cuda:0')
tensor(0.0012, device='cuda:0')
tensor(0.0011, device='cuda:0')
tensor(0.0011, device='cuda:0')
tensor(0.0012, device='cuda:0')
tensor(0.0012, device='cuda:0')
tensor(0.0011, device='cuda:0')
 * Acc@1 0.827
Test loss:  0.6442999243736267
Epoch:600 Test error: 0.1735
tensor(0.0011, device='cuda:0')
tensor(0.0011, device='cuda:0')
tensor(0.0011, device='cuda:0')
tensor(0.0011, device='cuda:0')
tensor(0.0011, device='cuda:0')
tensor(0.0011, device='cuda:0')
tensor(0.0011, device='cuda:0')
tensor(0.0011, device='cuda:0')
tensor(0.0011, device='cuda:0')
tensor(0.0011, device='cuda:0')
 * Acc@1 0.826
Test loss:  0.6453202366828918
Epoch:610 Test error: 0.1736
tensor(0.0011, device='cuda:0')
tensor(0.0011, device='cuda:0')
tensor(0.0011, device='cuda:0')
tensor(0.0011, device='cuda:0')
tensor(0.0011, device='cuda:0')
tensor(0.0011, device='cuda:0')
tensor(0.0011, device='cuda:0')
tensor(0.0011, device='cuda:0')
tensor(0.0011, device='cuda:0')
tensor(0.0011, device='cuda:0')
 * Acc@1 0.826
Test loss:  0.6468042731285095
Epoch:620 Test error: 0.1740
tensor(0.0011, device='cuda:0')
tensor(0.0011, device='cuda:0')
tensor(0.0011, device='cuda:0')
tensor(0.0011, device='cuda:0')
tensor(0.0011, device='cuda:0')
tensor(0.0011, device='cuda:0')
tensor(0.0011, device='cuda:0')
tensor(0.0011, device='cuda:0')
tensor(0.0011, device='cuda:0')
tensor(0.0011, device='cuda:0')
 * Acc@1 0.825
Test loss:  0.6485852003097534
Epoch:630 Test error: 0.1747
tensor(0.0011, device='cuda:0')
tensor(0.0011, device='cuda:0')
tensor(0.0011, device='cuda:0')
tensor(0.0011, device='cuda:0')
tensor(0.0011, device='cuda:0')
tensor(0.0011, device='cuda:0')
tensor(0.0011, device='cuda:0')
tensor(0.0011, device='cuda:0')
tensor(0.0011, device='cuda:0')
tensor(0.0011, device='cuda:0')
 * Acc@1 0.825
Test loss:  0.6501430869102478
Epoch:640 Test error: 0.1749
tensor(0.0011, device='cuda:0')
tensor(0.0011, device='cuda:0')
tensor(0.0011, device='cuda:0')
tensor(0.0011, device='cuda:0')
tensor(0.0011, device='cuda:0')
tensor(0.0011, device='cuda:0')
tensor(0.0011, device='cuda:0')
tensor(0.0011, device='cuda:0')
tensor(0.0011, device='cuda:0')
tensor(0.0011, device='cuda:0')
 * Acc@1 0.825
Test loss:  0.6509668827056885
Epoch:650 Test error: 0.1750
tensor(0.0011, device='cuda:0')
tensor(0.0011, device='cuda:0')
tensor(0.0011, device='cuda:0')
tensor(0.0011, device='cuda:0')
tensor(0.0011, device='cuda:0')
tensor(0.0011, device='cuda:0')
tensor(0.0011, device='cuda:0')
tensor(0.0010, device='cuda:0')
tensor(0.0010, device='cuda:0')
tensor(0.0010, device='cuda:0')
 * Acc@1 0.825
Test loss:  0.6521504521369934
Epoch:660 Test error: 0.1753
tensor(0.0010, device='cuda:0')
tensor(0.0010, device='cuda:0')
tensor(0.0010, device='cuda:0')
tensor(0.0010, device='cuda:0')
tensor(0.0010, device='cuda:0')
tensor(0.0010, device='cuda:0')
tensor(0.0010, device='cuda:0')
tensor(0.0010, device='cuda:0')
tensor(0.0010, device='cuda:0')
tensor(0.0010, device='cuda:0')
 * Acc@1 0.825
Test loss:  0.6532496213912964
Epoch:670 Test error: 0.1753
tensor(0.0010, device='cuda:0')
tensor(0.0010, device='cuda:0')
tensor(0.0010, device='cuda:0')
tensor(0.0010, device='cuda:0')
tensor(0.0010, device='cuda:0')
tensor(0.0010, device='cuda:0')
tensor(0.0010, device='cuda:0')
tensor(0.0010, device='cuda:0')
tensor(0.0010, device='cuda:0')
tensor(0.0010, device='cuda:0')
 * Acc@1 0.824
Test loss:  0.6542025208473206
Epoch:680 Test error: 0.1756
tensor(0.0010, device='cuda:0')
tensor(0.0010, device='cuda:0')
tensor(0.0010, device='cuda:0')
tensor(0.0010, device='cuda:0')
tensor(0.0010, device='cuda:0')
tensor(0.0010, device='cuda:0')
tensor(0.0010, device='cuda:0')
tensor(0.0010, device='cuda:0')
tensor(0.0010, device='cuda:0')
tensor(0.0010, device='cuda:0')
 * Acc@1 0.824
Test loss:  0.6556494832038879
Epoch:690 Test error: 0.1758
tensor(0.0010, device='cuda:0')
tensor(0.0010, device='cuda:0')
tensor(0.0010, device='cuda:0')
tensor(0.0010, device='cuda:0')
tensor(0.0010, device='cuda:0')
tensor(0.0010, device='cuda:0')
tensor(0.0010, device='cuda:0')
tensor(0.0010, device='cuda:0')
tensor(0.0010, device='cuda:0')
tensor(0.0010, device='cuda:0')
 * Acc@1 0.824
Test loss:  0.6566756367683411
Epoch:700 Test error: 0.1761
tensor(0.0010, device='cuda:0')
tensor(0.0010, device='cuda:0')
tensor(0.0010, device='cuda:0')
tensor(0.0010, device='cuda:0')
tensor(0.0010, device='cuda:0')
tensor(0.0010, device='cuda:0')
tensor(0.0010, device='cuda:0')
tensor(0.0010, device='cuda:0')
tensor(0.0010, device='cuda:0')
tensor(0.0010, device='cuda:0')
 * Acc@1 0.823
Test loss:  0.6582238078117371
Epoch:710 Test error: 0.1767
tensor(0.0010, device='cuda:0')
tensor(0.0010, device='cuda:0')
tensor(0.0010, device='cuda:0')
tensor(0.0010, device='cuda:0')
tensor(0.0010, device='cuda:0')
tensor(0.0010, device='cuda:0')
tensor(0.0010, device='cuda:0')
tensor(0.0010, device='cuda:0')
tensor(0.0010, device='cuda:0')
tensor(0.0010, device='cuda:0')
 * Acc@1 0.823
Test loss:  0.6591798067092896
Epoch:720 Test error: 0.1768
tensor(0.0010, device='cuda:0')
tensor(0.0010, device='cuda:0')
tensor(0.0010, device='cuda:0')
tensor(0.0010, device='cuda:0')
tensor(0.0010, device='cuda:0')
tensor(0.0010, device='cuda:0')
tensor(0.0010, device='cuda:0')
tensor(0.0010, device='cuda:0')
tensor(0.0010, device='cuda:0')
tensor(0.0010, device='cuda:0')
 * Acc@1 0.823
Test loss:  0.6601568460464478
Epoch:730 Test error: 0.1771
tensor(0.0010, device='cuda:0')
tensor(0.0010, device='cuda:0')
tensor(0.0010, device='cuda:0')
tensor(0.0010, device='cuda:0')
tensor(0.0009, device='cuda:0')
tensor(0.0010, device='cuda:0')
tensor(0.0009, device='cuda:0')
tensor(0.0009, device='cuda:0')
tensor(0.0009, device='cuda:0')
tensor(0.0009, device='cuda:0')
 * Acc@1 0.823
Test loss:  0.6610044240951538
Epoch:740 Test error: 0.1773
tensor(0.0009, device='cuda:0')
tensor(0.0009, device='cuda:0')
tensor(0.0009, device='cuda:0')
tensor(0.0009, device='cuda:0')
tensor(0.0009, device='cuda:0')
tensor(0.0009, device='cuda:0')
tensor(0.0009, device='cuda:0')
tensor(0.0009, device='cuda:0')
tensor(0.0009, device='cuda:0')
tensor(0.0009, device='cuda:0')
 * Acc@1 0.823
Test loss:  0.662331759929657
Epoch:750 Test error: 0.1775
tensor(0.0009, device='cuda:0')
tensor(0.0009, device='cuda:0')
tensor(0.0009, device='cuda:0')
tensor(0.0009, device='cuda:0')
tensor(0.0009, device='cuda:0')
tensor(0.0009, device='cuda:0')
tensor(0.0009, device='cuda:0')
tensor(0.0009, device='cuda:0')
tensor(0.0009, device='cuda:0')
tensor(0.0009, device='cuda:0')
 * Acc@1 0.822
Test loss:  0.6634557843208313
Epoch:760 Test error: 0.1781
tensor(0.0009, device='cuda:0')
tensor(0.0009, device='cuda:0')
tensor(0.0009, device='cuda:0')
tensor(0.0009, device='cuda:0')
tensor(0.0009, device='cuda:0')
tensor(0.0009, device='cuda:0')
tensor(0.0009, device='cuda:0')
tensor(0.0009, device='cuda:0')
tensor(0.0009, device='cuda:0')
tensor(0.0009, device='cuda:0')
 * Acc@1 0.822
Test loss:  0.6646390557289124
Epoch:770 Test error: 0.1782
tensor(0.0009, device='cuda:0')
tensor(0.0009, device='cuda:0')
tensor(0.0009, device='cuda:0')
tensor(0.0009, device='cuda:0')
tensor(0.0009, device='cuda:0')
tensor(0.0009, device='cuda:0')
tensor(0.0009, device='cuda:0')
tensor(0.0009, device='cuda:0')
tensor(0.0009, device='cuda:0')
tensor(0.0009, device='cuda:0')
 * Acc@1 0.822
Test loss:  0.6658034920692444
Epoch:780 Test error: 0.1782
tensor(0.0009, device='cuda:0')
tensor(0.0009, device='cuda:0')
tensor(0.0009, device='cuda:0')
tensor(0.0009, device='cuda:0')
tensor(0.0009, device='cuda:0')
tensor(0.0009, device='cuda:0')
tensor(0.0009, device='cuda:0')
tensor(0.0009, device='cuda:0')
tensor(0.0009, device='cuda:0')
tensor(0.0009, device='cuda:0')
 * Acc@1 0.822
Test loss:  0.6667999029159546
Epoch:790 Test error: 0.1781
tensor(0.0009, device='cuda:0')
tensor(0.0009, device='cuda:0')
tensor(0.0009, device='cuda:0')
tensor(0.0009, device='cuda:0')
tensor(0.0009, device='cuda:0')
tensor(0.0009, device='cuda:0')
tensor(0.0009, device='cuda:0')
tensor(0.0009, device='cuda:0')
tensor(0.0009, device='cuda:0')
tensor(0.0009, device='cuda:0')
 * Acc@1 0.822
Test loss:  0.6678884625434875
Epoch:800 Test error: 0.1783
tensor(0.0009, device='cuda:0')
tensor(0.0009, device='cuda:0')
tensor(0.0009, device='cuda:0')
tensor(0.0009, device='cuda:0')
tensor(0.0009, device='cuda:0')
tensor(0.0009, device='cuda:0')
tensor(0.0009, device='cuda:0')
tensor(0.0009, device='cuda:0')
tensor(0.0009, device='cuda:0')
tensor(0.0009, device='cuda:0')
 * Acc@1 0.822
Test loss:  0.6685383915901184
Epoch:810 Test error: 0.1783
tensor(0.0009, device='cuda:0')
tensor(0.0009, device='cuda:0')
tensor(0.0009, device='cuda:0')
tensor(0.0009, device='cuda:0')
tensor(0.0009, device='cuda:0')
tensor(0.0009, device='cuda:0')
tensor(0.0009, device='cuda:0')
tensor(0.0009, device='cuda:0')
tensor(0.0009, device='cuda:0')
tensor(0.0008, device='cuda:0')
 * Acc@1 0.822
Test loss:  0.6695570349693298
Epoch:820 Test error: 0.1784
tensor(0.0008, device='cuda:0')
tensor(0.0008, device='cuda:0')
tensor(0.0008, device='cuda:0')
tensor(0.0008, device='cuda:0')
tensor(0.0008, device='cuda:0')
tensor(0.0008, device='cuda:0')
tensor(0.0008, device='cuda:0')
tensor(0.0008, device='cuda:0')
tensor(0.0008, device='cuda:0')
tensor(0.0009, device='cuda:0')
 * Acc@1 0.821
Test loss:  0.6707794070243835
Epoch:830 Test error: 0.1788
tensor(0.0008, device='cuda:0')
tensor(0.0008, device='cuda:0')
tensor(0.0008, device='cuda:0')
tensor(0.0008, device='cuda:0')
tensor(0.0009, device='cuda:0')
tensor(0.0008, device='cuda:0')
tensor(0.0008, device='cuda:0')
tensor(0.0009, device='cuda:0')
tensor(0.0008, device='cuda:0')
tensor(0.0008, device='cuda:0')
 * Acc@1 0.821
Test loss:  0.6716554760932922
Epoch:840 Test error: 0.1787
tensor(0.0008, device='cuda:0')
tensor(0.0008, device='cuda:0')
tensor(0.0008, device='cuda:0')
tensor(0.0008, device='cuda:0')
tensor(0.0008, device='cuda:0')
tensor(0.0008, device='cuda:0')
tensor(0.0008, device='cuda:0')
tensor(0.0008, device='cuda:0')
tensor(0.0008, device='cuda:0')
tensor(0.0008, device='cuda:0')
 * Acc@1 0.822
Test loss:  0.6724404096603394
Epoch:850 Test error: 0.1785
tensor(0.0008, device='cuda:0')
tensor(0.0008, device='cuda:0')
tensor(0.0008, device='cuda:0')
tensor(0.0008, device='cuda:0')
tensor(0.0008, device='cuda:0')
tensor(0.0008, device='cuda:0')
tensor(0.0008, device='cuda:0')
tensor(0.0008, device='cuda:0')
tensor(0.0008, device='cuda:0')
tensor(0.0008, device='cuda:0')
 * Acc@1 0.822
Test loss:  0.6736568808555603
Epoch:860 Test error: 0.1785
tensor(0.0008, device='cuda:0')
tensor(0.0008, device='cuda:0')
tensor(0.0008, device='cuda:0')
tensor(0.0009, device='cuda:0')
tensor(0.0008, device='cuda:0')
tensor(0.0008, device='cuda:0')
tensor(0.0009, device='cuda:0')
tensor(0.0008, device='cuda:0')
tensor(0.0008, device='cuda:0')
tensor(0.0008, device='cuda:0')
 * Acc@1 0.821
Test loss:  0.6747598052024841
Epoch:870 Test error: 0.1787
tensor(0.0008, device='cuda:0')
tensor(0.0008, device='cuda:0')
tensor(0.0008, device='cuda:0')
tensor(0.0008, device='cuda:0')
tensor(0.0008, device='cuda:0')
tensor(0.0008, device='cuda:0')
tensor(0.0008, device='cuda:0')
tensor(0.0008, device='cuda:0')
tensor(0.0008, device='cuda:0')
tensor(0.0008, device='cuda:0')
 * Acc@1 0.821
Test loss:  0.6756265759468079
Epoch:880 Test error: 0.1789
tensor(0.0008, device='cuda:0')
tensor(0.0008, device='cuda:0')
tensor(0.0008, device='cuda:0')
tensor(0.0008, device='cuda:0')
tensor(0.0008, device='cuda:0')
tensor(0.0008, device='cuda:0')
tensor(0.0008, device='cuda:0')
tensor(0.0008, device='cuda:0')
tensor(0.0008, device='cuda:0')
tensor(0.0008, device='cuda:0')
 * Acc@1 0.821
Test loss:  0.6766318082809448
Epoch:890 Test error: 0.1794
tensor(0.0008, device='cuda:0')
tensor(0.0008, device='cuda:0')
tensor(0.0008, device='cuda:0')
tensor(0.0008, device='cuda:0')
tensor(0.0008, device='cuda:0')
tensor(0.0008, device='cuda:0')
tensor(0.0008, device='cuda:0')
tensor(0.0008, device='cuda:0')
tensor(0.0008, device='cuda:0')
tensor(0.0008, device='cuda:0')
 * Acc@1 0.821
Test loss:  0.6774088144302368
Epoch:900 Test error: 0.1795
tensor(0.0008, device='cuda:0')
tensor(0.0008, device='cuda:0')
tensor(0.0008, device='cuda:0')
tensor(0.0008, device='cuda:0')
tensor(0.0008, device='cuda:0')
tensor(0.0008, device='cuda:0')
tensor(0.0008, device='cuda:0')
tensor(0.0008, device='cuda:0')
tensor(0.0008, device='cuda:0')
tensor(0.0008, device='cuda:0')
 * Acc@1 0.821
Test loss:  0.6784191131591797
Epoch:910 Test error: 0.1795
tensor(0.0008, device='cuda:0')
tensor(0.0008, device='cuda:0')
tensor(0.0008, device='cuda:0')
tensor(0.0008, device='cuda:0')
tensor(0.0008, device='cuda:0')
tensor(0.0008, device='cuda:0')
tensor(0.0008, device='cuda:0')
tensor(0.0008, device='cuda:0')
tensor(0.0008, device='cuda:0')
tensor(0.0008, device='cuda:0')
 * Acc@1 0.821
Test loss:  0.6796122789382935
Epoch:920 Test error: 0.1795
tensor(0.0008, device='cuda:0')
tensor(0.0008, device='cuda:0')
tensor(0.0008, device='cuda:0')
tensor(0.0008, device='cuda:0')
tensor(0.0008, device='cuda:0')
tensor(0.0008, device='cuda:0')
tensor(0.0008, device='cuda:0')
tensor(0.0008, device='cuda:0')
tensor(0.0008, device='cuda:0')
tensor(0.0008, device='cuda:0')
 * Acc@1 0.821
Test loss:  0.6805146932601929
Epoch:930 Test error: 0.1794
tensor(0.0009, device='cuda:0')
tensor(0.0009, device='cuda:0')
tensor(0.0008, device='cuda:0')
tensor(0.0009, device='cuda:0')
tensor(0.0009, device='cuda:0')
tensor(0.0009, device='cuda:0')
tensor(0.0008, device='cuda:0')
tensor(0.0009, device='cuda:0')
tensor(0.0011, device='cuda:0')
tensor(0.0010, device='cuda:0')
 * Acc@1 0.820
Test loss:  0.6815965175628662
Epoch:940 Test error: 0.1798
tensor(0.0009, device='cuda:0')
tensor(0.0010, device='cuda:0')
tensor(0.0009, device='cuda:0')
tensor(0.0009, device='cuda:0')
tensor(0.0008, device='cuda:0')
tensor(0.0009, device='cuda:0')
tensor(0.0009, device='cuda:0')
tensor(0.0009, device='cuda:0')
tensor(0.0008, device='cuda:0')
tensor(0.0010, device='cuda:0')
 * Acc@1 0.820
Test loss:  0.6823904514312744
Epoch:950 Test error: 0.1800
tensor(0.0010, device='cuda:0')
tensor(0.0008, device='cuda:0')
tensor(0.0009, device='cuda:0')
tensor(0.0009, device='cuda:0')
tensor(0.0009, device='cuda:0')
tensor(0.0008, device='cuda:0')
tensor(0.0011, device='cuda:0')
tensor(0.0008, device='cuda:0')
tensor(0.0010, device='cuda:0')
tensor(0.0009, device='cuda:0')
 * Acc@1 0.820
Test loss:  0.6827248334884644
Epoch:960 Test error: 0.1802
tensor(0.0008, device='cuda:0')
tensor(0.0009, device='cuda:0')
tensor(0.0009, device='cuda:0')
tensor(0.0008, device='cuda:0')
tensor(0.0009, device='cuda:0')
tensor(0.0010, device='cuda:0')
tensor(0.0008, device='cuda:0')
tensor(0.0009, device='cuda:0')
tensor(0.0010, device='cuda:0')
tensor(0.0008, device='cuda:0')
 * Acc@1 0.819
Test loss:  0.683407723903656
Epoch:970 Test error: 0.1810
tensor(0.0011, device='cuda:0')
tensor(0.0010, device='cuda:0')
tensor(0.0009, device='cuda:0')
tensor(0.0010, device='cuda:0')
tensor(0.0008, device='cuda:0')
tensor(0.0010, device='cuda:0')
tensor(0.0010, device='cuda:0')
tensor(0.0008, device='cuda:0')
tensor(0.0009, device='cuda:0')
tensor(0.0009, device='cuda:0')
 * Acc@1 0.819
Test loss:  0.6850405335426331
Epoch:980 Test error: 0.1814
tensor(0.0008, device='cuda:0')
tensor(0.0008, device='cuda:0')
tensor(0.0009, device='cuda:0')
tensor(0.0008, device='cuda:0')
tensor(0.0008, device='cuda:0')
tensor(0.0008, device='cuda:0')
tensor(0.0008, device='cuda:0')
tensor(0.0008, device='cuda:0')
tensor(0.0009, device='cuda:0')
tensor(0.0008, device='cuda:0')
 * Acc@1 0.819
Test loss:  0.6860993504524231
Epoch:990 Test error: 0.1814
tensor(0.0008, device='cuda:0')
tensor(0.0008, device='cuda:0')
tensor(0.0008, device='cuda:0')
tensor(0.0008, device='cuda:0')
tensor(0.0008, device='cuda:0')
tensor(0.0008, device='cuda:0')
tensor(0.0008, device='cuda:0')
tensor(0.0008, device='cuda:0')
tensor(0.0008, device='cuda:0')
 * Acc@1 0.818
Test loss:  0.6870553493499756
Test error before tri: 0.1816
loss on val before tri:  0.5041822195053101
 * Acc@1 0.124
Test loss:  13.437475204467773
Test error after tri: 0.8760
loss on val after tri:  12.77783489227295
[0.8729, 0.8839, 0.8839, 0.8798, 0.8756, 0.8678, 0.8646, 0.86, 0.8578, 0.8565, 0.854, 0.8516, 0.8501, 0.8496, 0.8479, 0.8474, 0.8467, 0.8456, 0.8455, 0.8451, 0.8442, 0.8435, 0.843, 0.8425, 0.8418, 0.8413, 0.8411, 0.84, 0.84, 0.839, 0.8384, 0.8376, 0.8374, 0.8367, 0.8363, 0.8358, 0.8348, 0.834, 0.8336, 0.8332, 0.8326, 0.8323, 0.8321, 0.8315, 0.8312, 0.8308, 0.8304, 0.8302, 0.8298, 0.8297, 0.8298, 0.829, 0.8286, 0.8283, 0.828, 0.8277, 0.8272, 0.8272, 0.8266, 0.8266, 0.8265, 0.8264, 0.826, 0.8253, 0.8251, 0.825, 0.8247, 0.8247, 0.8244, 0.8242, 0.8239, 0.8233, 0.8232, 0.8229, 0.8227, 0.8225, 0.8219, 0.8218, 0.8218, 0.8219, 0.8217, 0.8217, 0.8216, 0.8212, 0.8213, 0.8215, 0.8215, 0.8213, 0.8211, 0.8206, 0.8205, 0.8205, 0.8205, 0.8206, 0.8202, 0.82, 0.8198, 0.819, 0.8186, 0.8186, 0.8184, 0.124]
