/home/soham/Soham/pang_reference/AccumulativeAttack/feder_runner.py:93: FutureWarning: You are using `torch.load` with `weights_only=False` (the current default value), which uses the default pickle module implicitly. It is possible to construct malicious pickle data which will execute arbitrary code during unpickling (See https://github.com/pytorch/pytorch/blob/main/SECURITY.md#untrusted-models for more details). In a future release, the default value for `weights_only` will be flipped to `True`. This limits the functions that could be executed during unpickling. Arbitrary objects will no longer be allowed to be loaded via this mode unless they are explicitly allowlisted by the user via `torch.serialization.add_safe_globals`. We recommend you start setting `weights_only=True` for any use case where you don't have full control of the loaded file. Please open an issue on GitHub for any issues related to this experimental feature.
  ckpt = torch.load(os.path.join(args.resume, args.model_name))
Namespace(dataroot='data/CIFAR-10/', shared=None, depth=18, group_norm=32, batch_size=100, test_batch_size=500, workers=0, log_name='log_accu_l0.02_seed2.txt', attack_method='pgd', print_freq=50, lr=0.1, accu_iter=1, online=False, shuffle=False, epsilon=0.2, dset_size=0, use_bn=True, only_second=False, only_normal=False, only_reg=False, test_tri=False, resume='checkpoints_base_bn', model_name='epoch40.pth', mode='train', onlinemode='train', outf='.', momentum=0.9, weight_decay=0, fe_tri_scale=1.0, fe_train_scale=1.0, feder_lambda=0.02, feder_lambda_clean=1.0, epochs=1000, num_steps=2, seed=2, use_initlr=False, threshold=1.202, restore_optimizer=False, clip_gradnorm=False, clipvalue=1, poisoned_trigger_step=1.0, main='federated')
Resuming from checkpoints_base_bn...
Epoch: 40 Error: 0.133
Preparing data...
Files already downloaded and verified
Files already downloaded and verified
 * Acc@1 0.867
Test loss:  0.4575841724872589
Initial test error: 0.1330
 * Acc@1 0.873
Test loss:  0.43053579330444336
Epoch:0 Test error: 0.1275
 * Acc@1 0.884
Test loss:  0.3833811283111572
Epoch:10 Test error: 0.1161
 * Acc@1 0.882
Test loss:  0.39050060510635376
Epoch:20 Test error: 0.1180
 * Acc@1 0.880
Test loss:  0.3967064619064331
Epoch:30 Test error: 0.1201
 * Acc@1 0.879
Test loss:  0.4017946422100067
Epoch:40 Test error: 0.1209
 * Acc@1 0.877
Test loss:  0.4092773497104645
Epoch:50 Test error: 0.1228
 * Acc@1 0.875
Test loss:  0.4177086055278778
Epoch:60 Test error: 0.1246
 * Acc@1 0.874
Test loss:  0.4293074309825897
Epoch:70 Test error: 0.1259
 * Acc@1 0.870
Test loss:  0.44349682331085205
Epoch:80 Test error: 0.1299
 * Acc@1 0.868
Test loss:  0.451213538646698
Epoch:90 Test error: 0.1324
 * Acc@1 0.866
Test loss:  0.46114468574523926
Epoch:100 Test error: 0.1344
 * Acc@1 0.864
Test loss:  0.4720432162284851
Epoch:110 Test error: 0.1359
 * Acc@1 0.863
Test loss:  0.48095038533210754
Epoch:120 Test error: 0.1367
 * Acc@1 0.862
Test loss:  0.4880456030368805
Epoch:130 Test error: 0.1381
 * Acc@1 0.860
Test loss:  0.49435946345329285
Epoch:140 Test error: 0.1396
 * Acc@1 0.860
Test loss:  0.5003290176391602
Epoch:150 Test error: 0.1404
 * Acc@1 0.859
Test loss:  0.5059866905212402
Epoch:160 Test error: 0.1413
 * Acc@1 0.859
Test loss:  0.5112646818161011
Epoch:170 Test error: 0.1414
 * Acc@1 0.859
Test loss:  0.5161086916923523
Epoch:180 Test error: 0.1411
 * Acc@1 0.857
Test loss:  0.5211603045463562
Epoch:190 Test error: 0.1431
 * Acc@1 0.856
Test loss:  0.5254067182540894
Epoch:200 Test error: 0.1443
 * Acc@1 0.856
Test loss:  0.5298260450363159
Epoch:210 Test error: 0.1439
 * Acc@1 0.855
Test loss:  0.5340970754623413
Epoch:220 Test error: 0.1452
 * Acc@1 0.854
Test loss:  0.537947416305542
Epoch:230 Test error: 0.1461
 * Acc@1 0.853
Test loss:  0.5417947173118591
Epoch:240 Test error: 0.1468
 * Acc@1 0.852
Test loss:  0.545204758644104
Epoch:250 Test error: 0.1478
 * Acc@1 0.852
Test loss:  0.5487183332443237
Epoch:260 Test error: 0.1481
 * Acc@1 0.851
Test loss:  0.5525779128074646
Epoch:270 Test error: 0.1488
 * Acc@1 0.851
Test loss:  0.5560064315795898
Epoch:280 Test error: 0.1493
 * Acc@1 0.850
Test loss:  0.5594627857208252
Epoch:290 Test error: 0.1499
 * Acc@1 0.849
Test loss:  0.5628349781036377
Epoch:300 Test error: 0.1511
 * Acc@1 0.848
Test loss:  0.5662075281143188
Epoch:310 Test error: 0.1518
 * Acc@1 0.848
Test loss:  0.5699720978736877
Epoch:320 Test error: 0.1523
 * Acc@1 0.847
Test loss:  0.5733403563499451
Epoch:330 Test error: 0.1528
 * Acc@1 0.847
Test loss:  0.5766386985778809
Epoch:340 Test error: 0.1532
 * Acc@1 0.847
Test loss:  0.5795639157295227
Epoch:350 Test error: 0.1534
 * Acc@1 0.846
Test loss:  0.582616925239563
Epoch:360 Test error: 0.1544
 * Acc@1 0.846
Test loss:  0.586004912853241
Epoch:370 Test error: 0.1545
 * Acc@1 0.845
Test loss:  0.5888028144836426
Epoch:380 Test error: 0.1548
 * Acc@1 0.844
Test loss:  0.5920298099517822
Epoch:390 Test error: 0.1558
 * Acc@1 0.843
Test loss:  0.5950556397438049
Epoch:400 Test error: 0.1566
 * Acc@1 0.842
Test loss:  0.5977379083633423
Epoch:410 Test error: 0.1577
 * Acc@1 0.842
Test loss:  0.5994536876678467
Epoch:420 Test error: 0.1578
 * Acc@1 0.842
Test loss:  0.6015036702156067
Epoch:430 Test error: 0.1580
 * Acc@1 0.841
Test loss:  0.6039351224899292
Epoch:440 Test error: 0.1586
 * Acc@1 0.841
Test loss:  0.6068205833435059
Epoch:450 Test error: 0.1587
 * Acc@1 0.841
Test loss:  0.6093153953552246
Epoch:460 Test error: 0.1592
 * Acc@1 0.840
Test loss:  0.6117852330207825
Epoch:470 Test error: 0.1599
 * Acc@1 0.840
Test loss:  0.6140127182006836
Epoch:480 Test error: 0.1597
 * Acc@1 0.841
Test loss:  0.6154115796089172
Epoch:490 Test error: 0.1595
 * Acc@1 0.840
Test loss:  0.6176257729530334
Epoch:500 Test error: 0.1598
 * Acc@1 0.839
Test loss:  0.6206771731376648
Epoch:510 Test error: 0.1611
 * Acc@1 0.838
Test loss:  0.6233723759651184
Epoch:520 Test error: 0.1617
 * Acc@1 0.838
Test loss:  0.6254326105117798
Epoch:530 Test error: 0.1619
 * Acc@1 0.838
Test loss:  0.6274921894073486
Epoch:540 Test error: 0.1620
 * Acc@1 0.838
Test loss:  0.6294823884963989
Epoch:550 Test error: 0.1623
 * Acc@1 0.837
Test loss:  0.6314293742179871
Epoch:560 Test error: 0.1626
 * Acc@1 0.837
Test loss:  0.6335873007774353
Epoch:570 Test error: 0.1630
 * Acc@1 0.836
Test loss:  0.6359660029411316
Epoch:580 Test error: 0.1640
 * Acc@1 0.836
Test loss:  0.638037919998169
Epoch:590 Test error: 0.1644
 * Acc@1 0.836
Test loss:  0.6402089595794678
Epoch:600 Test error: 0.1645
 * Acc@1 0.835
Test loss:  0.6424171328544617
Epoch:610 Test error: 0.1652
 * Acc@1 0.835
Test loss:  0.6441881060600281
Epoch:620 Test error: 0.1654
 * Acc@1 0.834
Test loss:  0.6458399891853333
Epoch:630 Test error: 0.1660
 * Acc@1 0.834
Test loss:  0.6476486921310425
Epoch:640 Test error: 0.1665
 * Acc@1 0.833
Test loss:  0.6495698094367981
Epoch:650 Test error: 0.1671
 * Acc@1 0.833
Test loss:  0.6512741446495056
Epoch:660 Test error: 0.1675
 * Acc@1 0.833
Test loss:  0.652912974357605
Epoch:670 Test error: 0.1674
 * Acc@1 0.833
Test loss:  0.6547964811325073
Epoch:680 Test error: 0.1674
 * Acc@1 0.832
Test loss:  0.6569198369979858
Epoch:690 Test error: 0.1676
 * Acc@1 0.832
Test loss:  0.6586118936538696
Epoch:700 Test error: 0.1678
 * Acc@1 0.832
Test loss:  0.6603842973709106
Epoch:710 Test error: 0.1683
 * Acc@1 0.832
Test loss:  0.6619701385498047
Epoch:720 Test error: 0.1685
 * Acc@1 0.831
Test loss:  0.6636219620704651
Epoch:730 Test error: 0.1687
 * Acc@1 0.831
Test loss:  0.6651809215545654
Epoch:740 Test error: 0.1690
 * Acc@1 0.830
Test loss:  0.6669615507125854
Epoch:750 Test error: 0.1697
 * Acc@1 0.830
Test loss:  0.6685460209846497
Epoch:760 Test error: 0.1698
 * Acc@1 0.830
Test loss:  0.6703792214393616
Epoch:770 Test error: 0.1703
 * Acc@1 0.829
Test loss:  0.6723504662513733
Epoch:780 Test error: 0.1706
 * Acc@1 0.829
Test loss:  0.6734218001365662
Epoch:790 Test error: 0.1711
 * Acc@1 0.828
Test loss:  0.6750184893608093
Epoch:800 Test error: 0.1717
 * Acc@1 0.827
Test loss:  0.6765965223312378
Epoch:810 Test error: 0.1726
 * Acc@1 0.827
Test loss:  0.6783689260482788
Epoch:820 Test error: 0.1728
 * Acc@1 0.827
Test loss:  0.6800287961959839
Epoch:830 Test error: 0.1727
 * Acc@1 0.827
Test loss:  0.6816437244415283
Epoch:840 Test error: 0.1727
 * Acc@1 0.827
Test loss:  0.6829451322555542
Epoch:850 Test error: 0.1729
 * Acc@1 0.827
Test loss:  0.6845942735671997
Epoch:860 Test error: 0.1730
 * Acc@1 0.826
Test loss:  0.6862395405769348
Epoch:870 Test error: 0.1736
 * Acc@1 0.826
Test loss:  0.6878098845481873
Epoch:880 Test error: 0.1745
 * Acc@1 0.825
Test loss:  0.6896812319755554
Epoch:890 Test error: 0.1749
 * Acc@1 0.825
Test loss:  0.6911088824272156
Epoch:900 Test error: 0.1752
 * Acc@1 0.825
Test loss:  0.6922705769538879
Epoch:910 Test error: 0.1755
 * Acc@1 0.824
Test loss:  0.6935445070266724
Epoch:920 Test error: 0.1757
 * Acc@1 0.824
Test loss:  0.6945192217826843
Epoch:930 Test error: 0.1763
 * Acc@1 0.824
Test loss:  0.6959689855575562
Epoch:940 Test error: 0.1763
 * Acc@1 0.824
Test loss:  0.697409451007843
Epoch:950 Test error: 0.1763
 * Acc@1 0.823
Test loss:  0.6989998817443848
Epoch:960 Test error: 0.1768
 * Acc@1 0.823
Test loss:  0.7005195021629333
Epoch:970 Test error: 0.1770
 * Acc@1 0.823
Test loss:  0.7017716765403748
Epoch:980 Test error: 0.1768
 * Acc@1 0.823
Test loss:  0.7032923102378845
Epoch:990 Test error: 0.1770
 * Acc@1 0.823
Test loss:  0.7045179605484009
Test error before tri: 0.1775
loss on val before tri:  0.6193405985832214
 * Acc@1 0.687
Test loss:  1.5341891050338745
Test error after tri: 0.3127
loss on val after tri:  1.7766664028167725
[0.8725, 0.8839, 0.882, 0.8799, 0.8791, 0.8772, 0.8754, 0.8741, 0.8701, 0.8676, 0.8656, 0.8641, 0.8633, 0.8619, 0.8604, 0.8596, 0.8587, 0.8586, 0.8589, 0.8569, 0.8557, 0.8561, 0.8548, 0.8539, 0.8532, 0.8522, 0.8519, 0.8512, 0.8507, 0.8501, 0.8489, 0.8482, 0.8477, 0.8472, 0.8468, 0.8466, 0.8456, 0.8455, 0.8452, 0.8442, 0.8434, 0.8423, 0.8422, 0.842, 0.8414, 0.8413, 0.8408, 0.8401, 0.8403, 0.8405, 0.8402, 0.8389, 0.8383, 0.8381, 0.838, 0.8377, 0.8374, 0.837, 0.836, 0.8356, 0.8355, 0.8348, 0.8346, 0.834, 0.8335, 0.8329, 0.8325, 0.8326, 0.8326, 0.8324, 0.8322, 0.8317, 0.8315, 0.8313, 0.831, 0.8303, 0.8302, 0.8297, 0.8294, 0.8289, 0.8283, 0.8274, 0.8272, 0.8273, 0.8273, 0.8271, 0.827, 0.8264, 0.8255, 0.8251, 0.8248, 0.8245, 0.8243, 0.8237, 0.8237, 0.8237, 0.8232, 0.823, 0.8232, 0.823, 0.8225, 0.6873]
