/home/soham/Soham/pang_reference/AccumulativeAttack/feder_runner.py:93: FutureWarning: You are using `torch.load` with `weights_only=False` (the current default value), which uses the default pickle module implicitly. It is possible to construct malicious pickle data which will execute arbitrary code during unpickling (See https://github.com/pytorch/pytorch/blob/main/SECURITY.md#untrusted-models for more details). In a future release, the default value for `weights_only` will be flipped to `True`. This limits the functions that could be executed during unpickling. Arbitrary objects will no longer be allowed to be loaded via this mode unless they are explicitly allowlisted by the user via `torch.serialization.add_safe_globals`. We recommend you start setting `weights_only=True` for any use case where you don't have full control of the loaded file. Please open an issue on GitHub for any issues related to this experimental feature.
  ckpt = torch.load(os.path.join(args.resume, args.model_name))
Namespace(dataroot='data/CIFAR-10/', shared=None, depth=18, group_norm=32, batch_size=100, test_batch_size=500, workers=0, log_name='log_accu_l0.01_seed2.txt', attack_method='pgd', print_freq=50, lr=0.1, accu_iter=1, online=False, shuffle=False, epsilon=0.2, dset_size=0, use_bn=True, only_second=False, only_normal=False, only_reg=False, test_tri=False, resume='checkpoints_base_bn', model_name='epoch40.pth', mode='train', onlinemode='train', outf='.', momentum=0.9, weight_decay=0, fe_tri_scale=1.0, fe_train_scale=1.0, feder_lambda=0.01, feder_lambda_clean=1.0, epochs=1000, num_steps=2, seed=2, use_initlr=False, threshold=1.202, restore_optimizer=False, clip_gradnorm=False, clipvalue=1, poisoned_trigger_step=1.0, main='federated')
Resuming from checkpoints_base_bn...
Epoch: 40 Error: 0.133
Preparing data...
Files already downloaded and verified
Files already downloaded and verified
 * Acc@1 0.867
Test loss:  0.4575841724872589
Initial test error: 0.1330
 * Acc@1 0.873
Test loss:  0.43071767687797546
Epoch:0 Test error: 0.1274
 * Acc@1 0.885
Test loss:  0.38350507616996765
Epoch:10 Test error: 0.1154
 * Acc@1 0.883
Test loss:  0.3850235939025879
Epoch:20 Test error: 0.1168
 * Acc@1 0.882
Test loss:  0.3883461058139801
Epoch:30 Test error: 0.1175
 * Acc@1 0.881
Test loss:  0.39139989018440247
Epoch:40 Test error: 0.1186
 * Acc@1 0.881
Test loss:  0.3935604393482208
Epoch:50 Test error: 0.1191
 * Acc@1 0.880
Test loss:  0.3964042365550995
Epoch:60 Test error: 0.1200
 * Acc@1 0.879
Test loss:  0.39981135725975037
Epoch:70 Test error: 0.1207
 * Acc@1 0.878
Test loss:  0.40389737486839294
Epoch:80 Test error: 0.1218
 * Acc@1 0.877
Test loss:  0.4090465009212494
Epoch:90 Test error: 0.1228
 * Acc@1 0.876
Test loss:  0.41344624757766724
Epoch:100 Test error: 0.1236
 * Acc@1 0.875
Test loss:  0.41895991563796997
Epoch:110 Test error: 0.1245
 * Acc@1 0.874
Test loss:  0.42603975534439087
Epoch:120 Test error: 0.1258
 * Acc@1 0.873
Test loss:  0.43169131875038147
Epoch:130 Test error: 0.1272
 * Acc@1 0.871
Test loss:  0.4373636245727539
Epoch:140 Test error: 0.1290
 * Acc@1 0.870
Test loss:  0.44248294830322266
Epoch:150 Test error: 0.1303
 * Acc@1 0.868
Test loss:  0.44838809967041016
Epoch:160 Test error: 0.1321
 * Acc@1 0.866
Test loss:  0.45331743359565735
Epoch:170 Test error: 0.1337
 * Acc@1 0.866
Test loss:  0.45811063051223755
Epoch:180 Test error: 0.1344
 * Acc@1 0.866
Test loss:  0.46266883611679077
Epoch:190 Test error: 0.1345
 * Acc@1 0.865
Test loss:  0.46655064821243286
Epoch:200 Test error: 0.1350
 * Acc@1 0.865
Test loss:  0.47048813104629517
Epoch:210 Test error: 0.1351
 * Acc@1 0.864
Test loss:  0.4755112826824188
Epoch:220 Test error: 0.1361
 * Acc@1 0.864
Test loss:  0.4792526364326477
Epoch:230 Test error: 0.1365
 * Acc@1 0.863
Test loss:  0.4835617244243622
Epoch:240 Test error: 0.1369
 * Acc@1 0.862
Test loss:  0.486849308013916
Epoch:250 Test error: 0.1380
 * Acc@1 0.862
Test loss:  0.489836186170578
Epoch:260 Test error: 0.1381
 * Acc@1 0.861
Test loss:  0.49273934960365295
Epoch:270 Test error: 0.1388
 * Acc@1 0.861
Test loss:  0.4952746629714966
Epoch:280 Test error: 0.1390
 * Acc@1 0.861
Test loss:  0.4979800283908844
Epoch:290 Test error: 0.1393
 * Acc@1 0.860
Test loss:  0.5004543662071228
Epoch:300 Test error: 0.1399
 * Acc@1 0.860
Test loss:  0.5026552677154541
Epoch:310 Test error: 0.1402
 * Acc@1 0.860
Test loss:  0.5049104690551758
Epoch:320 Test error: 0.1403
 * Acc@1 0.860
Test loss:  0.5064324140548706
Epoch:330 Test error: 0.1402
 * Acc@1 0.858
Test loss:  0.5090954899787903
Epoch:340 Test error: 0.1417
 * Acc@1 0.858
Test loss:  0.5116855502128601
Epoch:350 Test error: 0.1419
 * Acc@1 0.858
Test loss:  0.5138062834739685
Epoch:360 Test error: 0.1422
 * Acc@1 0.857
Test loss:  0.5160008072853088
Epoch:370 Test error: 0.1432
 * Acc@1 0.856
Test loss:  0.51849764585495
Epoch:380 Test error: 0.1437
 * Acc@1 0.856
Test loss:  0.5212733745574951
Epoch:390 Test error: 0.1438
 * Acc@1 0.856
Test loss:  0.523780107498169
Epoch:400 Test error: 0.1439
 * Acc@1 0.856
Test loss:  0.525857150554657
Epoch:410 Test error: 0.1437
 * Acc@1 0.856
Test loss:  0.5278756618499756
Epoch:420 Test error: 0.1438
 * Acc@1 0.856
Test loss:  0.5300329923629761
Epoch:430 Test error: 0.1441
 * Acc@1 0.856
Test loss:  0.5322602987289429
Epoch:440 Test error: 0.1444
 * Acc@1 0.855
Test loss:  0.5339436531066895
Epoch:450 Test error: 0.1453
 * Acc@1 0.855
Test loss:  0.536705493927002
Epoch:460 Test error: 0.1454
 * Acc@1 0.855
Test loss:  0.5385318398475647
Epoch:470 Test error: 0.1451
 * Acc@1 0.855
Test loss:  0.5402529835700989
Epoch:480 Test error: 0.1454
 * Acc@1 0.854
Test loss:  0.5426028966903687
Epoch:490 Test error: 0.1462
 * Acc@1 0.854
Test loss:  0.5445531010627747
Epoch:500 Test error: 0.1462
 * Acc@1 0.854
Test loss:  0.5464919805526733
Epoch:510 Test error: 0.1465
 * Acc@1 0.853
Test loss:  0.5486298203468323
Epoch:520 Test error: 0.1471
 * Acc@1 0.853
Test loss:  0.5508905053138733
Epoch:530 Test error: 0.1473
 * Acc@1 0.853
Test loss:  0.5527955293655396
Epoch:540 Test error: 0.1472
 * Acc@1 0.852
Test loss:  0.5547193884849548
Epoch:550 Test error: 0.1477
 * Acc@1 0.852
Test loss:  0.556699275970459
Epoch:560 Test error: 0.1479
 * Acc@1 0.851
Test loss:  0.5585665106773376
Epoch:570 Test error: 0.1486
 * Acc@1 0.851
Test loss:  0.5606539249420166
Epoch:580 Test error: 0.1492
 * Acc@1 0.850
Test loss:  0.562627375125885
Epoch:590 Test error: 0.1496
 * Acc@1 0.850
Test loss:  0.5643500685691833
Epoch:600 Test error: 0.1499
 * Acc@1 0.850
Test loss:  0.5659769773483276
Epoch:610 Test error: 0.1500
 * Acc@1 0.850
Test loss:  0.5677887201309204
Epoch:620 Test error: 0.1505
 * Acc@1 0.850
Test loss:  0.5692509412765503
Epoch:630 Test error: 0.1505
 * Acc@1 0.849
Test loss:  0.5705138444900513
Epoch:640 Test error: 0.1506
 * Acc@1 0.849
Test loss:  0.5721511840820312
Epoch:650 Test error: 0.1509
 * Acc@1 0.848
Test loss:  0.5739659667015076
Epoch:660 Test error: 0.1517
 * Acc@1 0.848
Test loss:  0.5753067135810852
Epoch:670 Test error: 0.1518
 * Acc@1 0.847
Test loss:  0.576774001121521
Epoch:680 Test error: 0.1528
 * Acc@1 0.847
Test loss:  0.5781238675117493
Epoch:690 Test error: 0.1535
 * Acc@1 0.846
Test loss:  0.57977694272995
Epoch:700 Test error: 0.1538
 * Acc@1 0.846
Test loss:  0.5809775590896606
Epoch:710 Test error: 0.1543
 * Acc@1 0.845
Test loss:  0.5821309685707092
Epoch:720 Test error: 0.1548
 * Acc@1 0.845
Test loss:  0.5833610892295837
Epoch:730 Test error: 0.1547
 * Acc@1 0.845
Test loss:  0.584738552570343
Epoch:740 Test error: 0.1550
 * Acc@1 0.845
Test loss:  0.5859348177909851
Epoch:750 Test error: 0.1552
 * Acc@1 0.845
Test loss:  0.5871750116348267
Epoch:760 Test error: 0.1551
 * Acc@1 0.845
Test loss:  0.5885445475578308
Epoch:770 Test error: 0.1552
 * Acc@1 0.844
Test loss:  0.5896979570388794
Epoch:780 Test error: 0.1556
 * Acc@1 0.844
Test loss:  0.5908949971199036
Epoch:790 Test error: 0.1557
 * Acc@1 0.844
Test loss:  0.5920332074165344
Epoch:800 Test error: 0.1561
 * Acc@1 0.844
Test loss:  0.5931583046913147
Epoch:810 Test error: 0.1562
 * Acc@1 0.843
Test loss:  0.5943953990936279
Epoch:820 Test error: 0.1566
 * Acc@1 0.844
Test loss:  0.5954838395118713
Epoch:830 Test error: 0.1565
 * Acc@1 0.843
Test loss:  0.5968259572982788
Epoch:840 Test error: 0.1568
 * Acc@1 0.843
Test loss:  0.5978248119354248
Epoch:850 Test error: 0.1568
 * Acc@1 0.843
Test loss:  0.5988000631332397
Epoch:860 Test error: 0.1568
 * Acc@1 0.843
Test loss:  0.6001181602478027
Epoch:870 Test error: 0.1572
 * Acc@1 0.843
Test loss:  0.6013226509094238
Epoch:880 Test error: 0.1572
 * Acc@1 0.843
Test loss:  0.6025848388671875
Epoch:890 Test error: 0.1575
 * Acc@1 0.842
Test loss:  0.6036949157714844
Epoch:900 Test error: 0.1576
 * Acc@1 0.842
Test loss:  0.6048576235771179
Epoch:910 Test error: 0.1578
 * Acc@1 0.842
Test loss:  0.6058600544929504
Epoch:920 Test error: 0.1576
 * Acc@1 0.842
Test loss:  0.6070184111595154
Epoch:930 Test error: 0.1578
 * Acc@1 0.842
Test loss:  0.6081706285476685
Epoch:940 Test error: 0.1581
 * Acc@1 0.842
Test loss:  0.609443187713623
Epoch:950 Test error: 0.1581
 * Acc@1 0.842
Test loss:  0.6106555461883545
Epoch:960 Test error: 0.1583
 * Acc@1 0.842
Test loss:  0.6115712523460388
Epoch:970 Test error: 0.1583
 * Acc@1 0.842
Test loss:  0.6125708222389221
Epoch:980 Test error: 0.1581
 * Acc@1 0.842
Test loss:  0.613630473613739
Epoch:990 Test error: 0.1585
 * Acc@1 0.841
Test loss:  0.6145738363265991
Test error before tri: 0.1590
loss on val before tri:  0.5821288824081421
 * Acc@1 0.780
Test loss:  0.9293019771575928
Test error after tri: 0.2198
loss on val after tri:  1.1540776491165161
[0.8726, 0.8846, 0.8832, 0.8825, 0.8814, 0.8809, 0.88, 0.8793, 0.8782, 0.8772, 0.8764, 0.8755, 0.8742, 0.8728, 0.871, 0.8697, 0.8679, 0.8663, 0.8656, 0.8655, 0.865, 0.8649, 0.8639, 0.8635, 0.8631, 0.862, 0.8619, 0.8612, 0.861, 0.8607, 0.8601, 0.8598, 0.8597, 0.8598, 0.8583, 0.8581, 0.8578, 0.8568, 0.8563, 0.8562, 0.8561, 0.8563, 0.8562, 0.8559, 0.8556, 0.8547, 0.8546, 0.8549, 0.8546, 0.8538, 0.8538, 0.8535, 0.8529, 0.8527, 0.8528, 0.8523, 0.8521, 0.8514, 0.8508, 0.8504, 0.8501, 0.85, 0.8495, 0.8495, 0.8494, 0.8491, 0.8483, 0.8482, 0.8472, 0.8465, 0.8462, 0.8457, 0.8452, 0.8453, 0.845, 0.8448, 0.8449, 0.8448, 0.8444, 0.8443, 0.8439, 0.8438, 0.8434, 0.8435, 0.8432, 0.8432, 0.8432, 0.8428, 0.8428, 0.8425, 0.8424, 0.8422, 0.8424, 0.8422, 0.8419, 0.8419, 0.8417, 0.8417, 0.8419, 0.8415, 0.841, 0.7802]
