/home/soham/Soham/pang_reference/AccumulativeAttack/feder_runner.py:93: FutureWarning: You are using `torch.load` with `weights_only=False` (the current default value), which uses the default pickle module implicitly. It is possible to construct malicious pickle data which will execute arbitrary code during unpickling (See https://github.com/pytorch/pytorch/blob/main/SECURITY.md#untrusted-models for more details). In a future release, the default value for `weights_only` will be flipped to `True`. This limits the functions that could be executed during unpickling. Arbitrary objects will no longer be allowed to be loaded via this mode unless they are explicitly allowlisted by the user via `torch.serialization.add_safe_globals`. We recommend you start setting `weights_only=True` for any use case where you don't have full control of the loaded file. Please open an issue on GitHub for any issues related to this experimental feature.
  ckpt = torch.load(os.path.join(args.resume, args.model_name))
Namespace(dataroot='data/CIFAR-10/', shared=None, depth=18, group_norm=32, batch_size=100, test_batch_size=500, workers=0, log_name='log_accu_l0.08_seed3.txt', attack_method='pgd', print_freq=50, lr=0.1, accu_iter=1, online=False, shuffle=False, epsilon=0.2, dset_size=0, use_bn=True, only_second=False, only_normal=False, only_reg=False, test_tri=False, resume='checkpoints_base_bn', model_name='epoch40.pth', mode='train', onlinemode='train', outf='.', momentum=0.9, weight_decay=0, fe_tri_scale=1.0, fe_train_scale=1.0, feder_lambda=0.08, feder_lambda_clean=1.0, epochs=1000, num_steps=2, seed=3, use_initlr=False, threshold=1.202, restore_optimizer=False, clip_gradnorm=False, clipvalue=1, poisoned_trigger_step=1.0, main='federated')
Resuming from checkpoints_base_bn...
Epoch: 40 Error: 0.133
Preparing data...
Files already downloaded and verified
Files already downloaded and verified
 * Acc@1 0.867
Test loss:  0.4575842320919037
Initial test error: 0.1330
 * Acc@1 0.873
Test loss:  0.4323987364768982
Epoch:0 Test error: 0.1272
 * Acc@1 0.884
Test loss:  0.3806319832801819
Epoch:10 Test error: 0.1163
 * Acc@1 0.881
Test loss:  0.396134614944458
Epoch:20 Test error: 0.1194
 * Acc@1 0.874
Test loss:  0.42944949865341187
Epoch:30 Test error: 0.1258
 * Acc@1 0.862
Test loss:  0.47947636246681213
Epoch:40 Test error: 0.1385
 * Acc@1 0.857
Test loss:  0.5000753402709961
Epoch:50 Test error: 0.1428
 * Acc@1 0.853
Test loss:  0.5152786374092102
Epoch:60 Test error: 0.1473
 * Acc@1 0.850
Test loss:  0.5294849872589111
Epoch:70 Test error: 0.1504
 * Acc@1 0.847
Test loss:  0.5401040315628052
Epoch:80 Test error: 0.1533
 * Acc@1 0.844
Test loss:  0.549795925617218
Epoch:90 Test error: 0.1558
 * Acc@1 0.842
Test loss:  0.5575214624404907
Epoch:100 Test error: 0.1577
 * Acc@1 0.841
Test loss:  0.5651565790176392
Epoch:110 Test error: 0.1589
 * Acc@1 0.841
Test loss:  0.5700084567070007
Epoch:120 Test error: 0.1593
 * Acc@1 0.840
Test loss:  0.5767620801925659
Epoch:130 Test error: 0.1603
 * Acc@1 0.839
Test loss:  0.5816212296485901
Epoch:140 Test error: 0.1610
 * Acc@1 0.837
Test loss:  0.5866535902023315
Epoch:150 Test error: 0.1626
 * Acc@1 0.836
Test loss:  0.5928482413291931
Epoch:160 Test error: 0.1638
 * Acc@1 0.835
Test loss:  0.5969291925430298
Epoch:170 Test error: 0.1646
 * Acc@1 0.834
Test loss:  0.6006511449813843
Epoch:180 Test error: 0.1657
 * Acc@1 0.833
Test loss:  0.6063582897186279
Epoch:190 Test error: 0.1669
 * Acc@1 0.832
Test loss:  0.6098818778991699
Epoch:200 Test error: 0.1678
 * Acc@1 0.831
Test loss:  0.6142325401306152
Epoch:210 Test error: 0.1686
 * Acc@1 0.830
Test loss:  0.6184192895889282
Epoch:220 Test error: 0.1699
 * Acc@1 0.829
Test loss:  0.6220152378082275
Epoch:230 Test error: 0.1706
 * Acc@1 0.828
Test loss:  0.6261887550354004
Epoch:240 Test error: 0.1722
 * Acc@1 0.828
Test loss:  0.6287261843681335
Epoch:250 Test error: 0.1721
 * Acc@1 0.827
Test loss:  0.6313068866729736
Epoch:260 Test error: 0.1731
 * Acc@1 0.826
Test loss:  0.6334127187728882
Epoch:270 Test error: 0.1736
 * Acc@1 0.826
Test loss:  0.6346085667610168
Epoch:280 Test error: 0.1742
 * Acc@1 0.825
Test loss:  0.637173056602478
Epoch:290 Test error: 0.1749
 * Acc@1 0.825
Test loss:  0.640169084072113
Epoch:300 Test error: 0.1754
 * Acc@1 0.824
Test loss:  0.6428497433662415
Epoch:310 Test error: 0.1761
 * Acc@1 0.824
Test loss:  0.6451277732849121
Epoch:320 Test error: 0.1765
 * Acc@1 0.823
Test loss:  0.6483951210975647
Epoch:330 Test error: 0.1775
 * Acc@1 0.822
Test loss:  0.6512175798416138
Epoch:340 Test error: 0.1784
 * Acc@1 0.821
Test loss:  0.6534632444381714
Epoch:350 Test error: 0.1789
 * Acc@1 0.821
Test loss:  0.6556370854377747
Epoch:360 Test error: 0.1793
 * Acc@1 0.820
Test loss:  0.6582313776016235
Epoch:370 Test error: 0.1797
 * Acc@1 0.820
Test loss:  0.6606534123420715
Epoch:380 Test error: 0.1797
 * Acc@1 0.819
Test loss:  0.6634371876716614
Epoch:390 Test error: 0.1806
 * Acc@1 0.820
Test loss:  0.6655470132827759
Epoch:400 Test error: 0.1804
 * Acc@1 0.819
Test loss:  0.6678128242492676
Epoch:410 Test error: 0.1811
 * Acc@1 0.818
Test loss:  0.6705089807510376
Epoch:420 Test error: 0.1817
 * Acc@1 0.818
Test loss:  0.6719172596931458
Epoch:430 Test error: 0.1819
 * Acc@1 0.818
Test loss:  0.6743022203445435
Epoch:440 Test error: 0.1824
 * Acc@1 0.817
Test loss:  0.6764307618141174
Epoch:450 Test error: 0.1828
 * Acc@1 0.817
Test loss:  0.6781489253044128
Epoch:460 Test error: 0.1827
 * Acc@1 0.817
Test loss:  0.6797805428504944
Epoch:470 Test error: 0.1827
 * Acc@1 0.817
Test loss:  0.6821333765983582
Epoch:480 Test error: 0.1835
 * Acc@1 0.816
Test loss:  0.6845086216926575
Epoch:490 Test error: 0.1838
 * Acc@1 0.816
Test loss:  0.6868213415145874
Epoch:500 Test error: 0.1841
 * Acc@1 0.815
Test loss:  0.6897157430648804
Epoch:510 Test error: 0.1850
 * Acc@1 0.815
Test loss:  0.691933274269104
Epoch:520 Test error: 0.1853
 * Acc@1 0.814
Test loss:  0.6942071914672852
Epoch:530 Test error: 0.1856
 * Acc@1 0.814
Test loss:  0.6971213817596436
Epoch:540 Test error: 0.1859
 * Acc@1 0.814
Test loss:  0.6990038156509399
Epoch:550 Test error: 0.1858
 * Acc@1 0.814
Test loss:  0.7008053660392761
Epoch:560 Test error: 0.1863
 * Acc@1 0.814
Test loss:  0.702215850353241
Epoch:570 Test error: 0.1864
 * Acc@1 0.813
Test loss:  0.7043497562408447
Epoch:580 Test error: 0.1867
 * Acc@1 0.813
Test loss:  0.7058550119400024
Epoch:590 Test error: 0.1870
 * Acc@1 0.812
Test loss:  0.707983672618866
Epoch:600 Test error: 0.1879
 * Acc@1 0.812
Test loss:  0.7095925211906433
Epoch:610 Test error: 0.1883
 * Acc@1 0.811
Test loss:  0.710922360420227
Epoch:620 Test error: 0.1885
 * Acc@1 0.811
Test loss:  0.7123324275016785
Epoch:630 Test error: 0.1888
 * Acc@1 0.811
Test loss:  0.7142936587333679
Epoch:640 Test error: 0.1891
 * Acc@1 0.811
Test loss:  0.7153710722923279
Epoch:650 Test error: 0.1893
 * Acc@1 0.811
Test loss:  0.7165026664733887
Epoch:660 Test error: 0.1890
 * Acc@1 0.811
Test loss:  0.7176482081413269
Epoch:670 Test error: 0.1893
 * Acc@1 0.811
Test loss:  0.7189730405807495
Epoch:680 Test error: 0.1892
 * Acc@1 0.810
Test loss:  0.7210286259651184
Epoch:690 Test error: 0.1902
 * Acc@1 0.810
Test loss:  0.721604585647583
Epoch:700 Test error: 0.1901
 * Acc@1 0.810
Test loss:  0.7227301001548767
Epoch:710 Test error: 0.1903
 * Acc@1 0.809
Test loss:  0.7236002683639526
Epoch:720 Test error: 0.1905
 * Acc@1 0.809
Test loss:  0.7247743010520935
Epoch:730 Test error: 0.1905
 * Acc@1 0.810
Test loss:  0.7258181571960449
Epoch:740 Test error: 0.1904
 * Acc@1 0.810
Test loss:  0.7273560762405396
Epoch:750 Test error: 0.1902
 * Acc@1 0.809
Test loss:  0.7284821271896362
Epoch:760 Test error: 0.1908
 * Acc@1 0.809
Test loss:  0.7296654582023621
Epoch:770 Test error: 0.1908
 * Acc@1 0.809
Test loss:  0.7311648726463318
Epoch:780 Test error: 0.1912
 * Acc@1 0.809
Test loss:  0.7323009371757507
Epoch:790 Test error: 0.1913
 * Acc@1 0.808
Test loss:  0.7335667014122009
Epoch:800 Test error: 0.1916
 * Acc@1 0.808
Test loss:  0.7347983717918396
Epoch:810 Test error: 0.1920
 * Acc@1 0.808
Test loss:  0.7354079484939575
Epoch:820 Test error: 0.1920
 * Acc@1 0.808
Test loss:  0.7368380427360535
Epoch:830 Test error: 0.1920
 * Acc@1 0.808
Test loss:  0.7377210855484009
Epoch:840 Test error: 0.1921
 * Acc@1 0.808
Test loss:  0.7390225529670715
Epoch:850 Test error: 0.1924
 * Acc@1 0.808
Test loss:  0.7396922707557678
Epoch:860 Test error: 0.1921
 * Acc@1 0.807
Test loss:  0.7416351437568665
Epoch:870 Test error: 0.1926
 * Acc@1 0.807
Test loss:  0.7430112361907959
Epoch:880 Test error: 0.1928
 * Acc@1 0.807
Test loss:  0.7440732717514038
Epoch:890 Test error: 0.1934
 * Acc@1 0.806
Test loss:  0.7452424764633179
Epoch:900 Test error: 0.1938
 * Acc@1 0.806
Test loss:  0.7463918328285217
Epoch:910 Test error: 0.1939
 * Acc@1 0.806
Test loss:  0.7470358610153198
Epoch:920 Test error: 0.1937
 * Acc@1 0.806
Test loss:  0.7480877637863159
Epoch:930 Test error: 0.1935
 * Acc@1 0.807
Test loss:  0.7489972114562988
Epoch:940 Test error: 0.1932
 * Acc@1 0.807
Test loss:  0.7501919865608215
Epoch:950 Test error: 0.1932
 * Acc@1 0.807
Test loss:  0.751030683517456
Epoch:960 Test error: 0.1930
 * Acc@1 0.807
Test loss:  0.751572847366333
Epoch:970 Test error: 0.1931
 * Acc@1 0.807
Test loss:  0.7524642944335938
Epoch:980 Test error: 0.1932
 * Acc@1 0.807
Test loss:  0.7533019781112671
Epoch:990 Test error: 0.1934
 * Acc@1 0.807
Test loss:  0.7542518377304077
Test error before tri: 0.1934
loss on val before tri:  0.5548710227012634
 * Acc@1 0.114
Test loss:  19.45446014404297
Test error after tri: 0.8863
loss on val after tri:  18.485816955566406
[0.8728, 0.8837, 0.8806, 0.8742, 0.8615, 0.8572, 0.8527, 0.8496, 0.8467, 0.8442, 0.8423, 0.8411, 0.8407, 0.8397, 0.839, 0.8374, 0.8362, 0.8354, 0.8343, 0.8331, 0.8322, 0.8314, 0.8301, 0.8294, 0.8278, 0.8279, 0.8269, 0.8264, 0.8258, 0.8251, 0.8246, 0.8239, 0.8235, 0.8225, 0.8216, 0.8211, 0.8207, 0.8203, 0.8203, 0.8194, 0.8196, 0.8189, 0.8183, 0.8181, 0.8176, 0.8172, 0.8173, 0.8173, 0.8165, 0.8162, 0.8159, 0.815, 0.8147, 0.8144, 0.8141, 0.8142, 0.8137, 0.8136, 0.8133, 0.813, 0.8121, 0.8117, 0.8115, 0.8112, 0.8109, 0.8107, 0.811, 0.8107, 0.8108, 0.8098, 0.8099, 0.8097, 0.8095, 0.8095, 0.8096, 0.8098, 0.8092, 0.8092, 0.8088, 0.8087, 0.8084, 0.808, 0.808, 0.808, 0.8079, 0.8076, 0.8079, 0.8074, 0.8072, 0.8066, 0.8062, 0.8061, 0.8063, 0.8065, 0.8068, 0.8068, 0.807, 0.8069, 0.8068, 0.8066, 0.8066, 0.11370000000000002]
