/home/soham/Soham/pang_reference/AccumulativeAttack/feder_runner.py:93: FutureWarning: You are using `torch.load` with `weights_only=False` (the current default value), which uses the default pickle module implicitly. It is possible to construct malicious pickle data which will execute arbitrary code during unpickling (See https://github.com/pytorch/pytorch/blob/main/SECURITY.md#untrusted-models for more details). In a future release, the default value for `weights_only` will be flipped to `True`. This limits the functions that could be executed during unpickling. Arbitrary objects will no longer be allowed to be loaded via this mode unless they are explicitly allowlisted by the user via `torch.serialization.add_safe_globals`. We recommend you start setting `weights_only=True` for any use case where you don't have full control of the loaded file. Please open an issue on GitHub for any issues related to this experimental feature.
  ckpt = torch.load(os.path.join(args.resume, args.model_name))
Namespace(dataroot='data/CIFAR-10/', shared=None, depth=18, group_norm=32, batch_size=100, test_batch_size=500, workers=0, log_name='log_accu_l0.01_seed1.txt', attack_method='pgd', print_freq=50, lr=0.1, accu_iter=1, online=False, shuffle=False, epsilon=0.2, dset_size=0, use_bn=True, only_second=False, only_normal=False, only_reg=False, test_tri=False, resume='checkpoints_base_bn', model_name='epoch40.pth', mode='train', onlinemode='train', outf='.', momentum=0.9, weight_decay=0, fe_tri_scale=1.0, fe_train_scale=1.0, feder_lambda=0.01, feder_lambda_clean=1.0, epochs=1000, num_steps=2, seed=1, use_initlr=False, threshold=1.202, restore_optimizer=False, clip_gradnorm=False, clipvalue=1, poisoned_trigger_step=1.0, main='federated')
Resuming from checkpoints_base_bn...
Epoch: 40 Error: 0.133
Preparing data...
Files already downloaded and verified
Files already downloaded and verified
 * Acc@1 0.867
Test loss:  0.4575842320919037
Initial test error: 0.1330
 * Acc@1 0.873
Test loss:  0.4310169816017151
Epoch:0 Test error: 0.1272
 * Acc@1 0.883
Test loss:  0.372271329164505
Epoch:10 Test error: 0.1166
 * Acc@1 0.884
Test loss:  0.36823570728302
Epoch:20 Test error: 0.1158
 * Acc@1 0.885
Test loss:  0.3669055998325348
Epoch:30 Test error: 0.1145
 * Acc@1 0.886
Test loss:  0.36547714471817017
Epoch:40 Test error: 0.1143
 * Acc@1 0.886
Test loss:  0.36475062370300293
Epoch:50 Test error: 0.1138
 * Acc@1 0.886
Test loss:  0.3655489385128021
Epoch:60 Test error: 0.1138
 * Acc@1 0.885
Test loss:  0.36670276522636414
Epoch:70 Test error: 0.1147
 * Acc@1 0.885
Test loss:  0.3680926263332367
Epoch:80 Test error: 0.1154
 * Acc@1 0.884
Test loss:  0.369876891374588
Epoch:90 Test error: 0.1162
 * Acc@1 0.884
Test loss:  0.3723130226135254
Epoch:100 Test error: 0.1164
 * Acc@1 0.884
Test loss:  0.3746165335178375
Epoch:110 Test error: 0.1164
 * Acc@1 0.883
Test loss:  0.37723052501678467
Epoch:120 Test error: 0.1171
 * Acc@1 0.883
Test loss:  0.38047581911087036
Epoch:130 Test error: 0.1169
 * Acc@1 0.883
Test loss:  0.38437530398368835
Epoch:140 Test error: 0.1170
 * Acc@1 0.882
Test loss:  0.38797473907470703
Epoch:150 Test error: 0.1177
 * Acc@1 0.882
Test loss:  0.39143216609954834
Epoch:160 Test error: 0.1182
 * Acc@1 0.881
Test loss:  0.39472508430480957
Epoch:170 Test error: 0.1191
 * Acc@1 0.880
Test loss:  0.39826419949531555
Epoch:180 Test error: 0.1202
 * Acc@1 0.879
Test loss:  0.4015157222747803
Epoch:190 Test error: 0.1205
 * Acc@1 0.879
Test loss:  0.4049312174320221
Epoch:200 Test error: 0.1205
 * Acc@1 0.879
Test loss:  0.40822359919548035
Epoch:210 Test error: 0.1213
 * Acc@1 0.877
Test loss:  0.41125380992889404
Epoch:220 Test error: 0.1226
 * Acc@1 0.876
Test loss:  0.4135282635688782
Epoch:230 Test error: 0.1235
 * Acc@1 0.876
Test loss:  0.41654452681541443
Epoch:240 Test error: 0.1235
 * Acc@1 0.876
Test loss:  0.419100284576416
Epoch:250 Test error: 0.1239
 * Acc@1 0.876
Test loss:  0.4221504032611847
Epoch:260 Test error: 0.1239
 * Acc@1 0.875
Test loss:  0.42485958337783813
Epoch:270 Test error: 0.1247
 * Acc@1 0.875
Test loss:  0.4279177784919739
Epoch:280 Test error: 0.1255
 * Acc@1 0.873
Test loss:  0.4311380386352539
Epoch:290 Test error: 0.1270
 * Acc@1 0.873
Test loss:  0.4343733489513397
Epoch:300 Test error: 0.1272
 * Acc@1 0.872
Test loss:  0.4368238151073456
Epoch:310 Test error: 0.1279
 * Acc@1 0.872
Test loss:  0.439044713973999
Epoch:320 Test error: 0.1283
 * Acc@1 0.872
Test loss:  0.44100111722946167
Epoch:330 Test error: 0.1285
 * Acc@1 0.871
Test loss:  0.4432341754436493
Epoch:340 Test error: 0.1289
 * Acc@1 0.870
Test loss:  0.445329874753952
Epoch:350 Test error: 0.1297
 * Acc@1 0.870
Test loss:  0.4475597143173218
Epoch:360 Test error: 0.1298
 * Acc@1 0.870
Test loss:  0.44928988814353943
Epoch:370 Test error: 0.1305
 * Acc@1 0.869
Test loss:  0.4509969651699066
Epoch:380 Test error: 0.1306
 * Acc@1 0.869
Test loss:  0.45283326506614685
Epoch:390 Test error: 0.1312
 * Acc@1 0.869
Test loss:  0.4547898471355438
Epoch:400 Test error: 0.1313
 * Acc@1 0.868
Test loss:  0.45629623532295227
Epoch:410 Test error: 0.1317
 * Acc@1 0.868
Test loss:  0.4580490291118622
Epoch:420 Test error: 0.1319
 * Acc@1 0.868
Test loss:  0.45963579416275024
Epoch:430 Test error: 0.1320
 * Acc@1 0.868
Test loss:  0.4610012173652649
Epoch:440 Test error: 0.1322
 * Acc@1 0.868
Test loss:  0.462459921836853
Epoch:450 Test error: 0.1323
 * Acc@1 0.868
Test loss:  0.46394625306129456
Epoch:460 Test error: 0.1324
 * Acc@1 0.867
Test loss:  0.4654422998428345
Epoch:470 Test error: 0.1326
 * Acc@1 0.867
Test loss:  0.46686869859695435
Epoch:480 Test error: 0.1331
 * Acc@1 0.867
Test loss:  0.46843257546424866
Epoch:490 Test error: 0.1329
 * Acc@1 0.867
Test loss:  0.47000277042388916
Epoch:500 Test error: 0.1329
 * Acc@1 0.867
Test loss:  0.47133466601371765
Epoch:510 Test error: 0.1333
 * Acc@1 0.867
Test loss:  0.4725390672683716
Epoch:520 Test error: 0.1334
 * Acc@1 0.866
Test loss:  0.473724901676178
Epoch:530 Test error: 0.1338
 * Acc@1 0.866
Test loss:  0.47500547766685486
Epoch:540 Test error: 0.1344
 * Acc@1 0.866
Test loss:  0.4759954512119293
Epoch:550 Test error: 0.1344
 * Acc@1 0.865
Test loss:  0.477202832698822
Epoch:560 Test error: 0.1350
 * Acc@1 0.864
Test loss:  0.4785254895687103
Epoch:570 Test error: 0.1357
 * Acc@1 0.864
Test loss:  0.47997039556503296
Epoch:580 Test error: 0.1358
 * Acc@1 0.864
Test loss:  0.48083052039146423
Epoch:590 Test error: 0.1361
 * Acc@1 0.863
Test loss:  0.4821265637874603
Epoch:600 Test error: 0.1366
 * Acc@1 0.863
Test loss:  0.4830927848815918
Epoch:610 Test error: 0.1368
 * Acc@1 0.863
Test loss:  0.4843704104423523
Epoch:620 Test error: 0.1368
 * Acc@1 0.863
Test loss:  0.4856465458869934
Epoch:630 Test error: 0.1367
 * Acc@1 0.863
Test loss:  0.48642852902412415
Epoch:640 Test error: 0.1369
 * Acc@1 0.863
Test loss:  0.48773765563964844
Epoch:650 Test error: 0.1373
 * Acc@1 0.862
Test loss:  0.4890028238296509
Epoch:660 Test error: 0.1376
 * Acc@1 0.863
Test loss:  0.4901372194290161
Epoch:670 Test error: 0.1375
 * Acc@1 0.862
Test loss:  0.4910212755203247
Epoch:680 Test error: 0.1382
 * Acc@1 0.862
Test loss:  0.4923216700553894
Epoch:690 Test error: 0.1384
 * Acc@1 0.861
Test loss:  0.4932372570037842
Epoch:700 Test error: 0.1387
 * Acc@1 0.861
Test loss:  0.49423345923423767
Epoch:710 Test error: 0.1386
 * Acc@1 0.861
Test loss:  0.4952005445957184
Epoch:720 Test error: 0.1389
 * Acc@1 0.861
Test loss:  0.49601104855537415
Epoch:730 Test error: 0.1394
 * Acc@1 0.861
Test loss:  0.4970799386501312
Epoch:740 Test error: 0.1394
 * Acc@1 0.860
Test loss:  0.4982069730758667
Epoch:750 Test error: 0.1396
 * Acc@1 0.860
Test loss:  0.49916812777519226
Epoch:760 Test error: 0.1397
 * Acc@1 0.860
Test loss:  0.5002264380455017
Epoch:770 Test error: 0.1402
 * Acc@1 0.860
Test loss:  0.5012559294700623
Epoch:780 Test error: 0.1404
 * Acc@1 0.860
Test loss:  0.502016007900238
Epoch:790 Test error: 0.1403
 * Acc@1 0.859
Test loss:  0.5028656721115112
Epoch:800 Test error: 0.1406
 * Acc@1 0.859
Test loss:  0.5038384795188904
Epoch:810 Test error: 0.1411
 * Acc@1 0.859
Test loss:  0.5046152472496033
Epoch:820 Test error: 0.1413
 * Acc@1 0.859
Test loss:  0.5054926872253418
Epoch:830 Test error: 0.1412
 * Acc@1 0.859
Test loss:  0.5062423348426819
Epoch:840 Test error: 0.1411
 * Acc@1 0.859
Test loss:  0.5069921612739563
Epoch:850 Test error: 0.1414
 * Acc@1 0.858
Test loss:  0.5078451633453369
Epoch:860 Test error: 0.1416
 * Acc@1 0.858
Test loss:  0.5085442066192627
Epoch:870 Test error: 0.1417
 * Acc@1 0.858
Test loss:  0.5093567967414856
Epoch:880 Test error: 0.1416
 * Acc@1 0.858
Test loss:  0.5101974010467529
Epoch:890 Test error: 0.1420
 * Acc@1 0.858
Test loss:  0.5111339092254639
Epoch:900 Test error: 0.1421
 * Acc@1 0.858
Test loss:  0.5116905570030212
Epoch:910 Test error: 0.1424
 * Acc@1 0.858
Test loss:  0.5124754905700684
Epoch:920 Test error: 0.1423
 * Acc@1 0.857
Test loss:  0.5134115219116211
Epoch:930 Test error: 0.1426
 * Acc@1 0.857
Test loss:  0.5141673684120178
Epoch:940 Test error: 0.1428
 * Acc@1 0.857
Test loss:  0.5151628851890564
Epoch:950 Test error: 0.1432
 * Acc@1 0.857
Test loss:  0.5159449577331543
Epoch:960 Test error: 0.1432
 * Acc@1 0.857
Test loss:  0.5165749788284302
Epoch:970 Test error: 0.1434
 * Acc@1 0.857
Test loss:  0.5176870226860046
Epoch:980 Test error: 0.1435
 * Acc@1 0.856
Test loss:  0.5185713768005371
Epoch:990 Test error: 0.1437
 * Acc@1 0.856
Test loss:  0.5195142030715942
Test error before tri: 0.1439
loss on val before tri:  0.39588475227355957
 * Acc@1 0.508
Test loss:  2.5690371990203857
Test error after tri: 0.4915
loss on val after tri:  2.2791659832000732
[0.8728, 0.8834, 0.8842, 0.8855, 0.8857, 0.8862, 0.8862, 0.8853, 0.8846, 0.8838, 0.8836, 0.8836, 0.8829, 0.8831, 0.883, 0.8823, 0.8818, 0.8809, 0.8798, 0.8795, 0.8795, 0.8787, 0.8774, 0.8765, 0.8765, 0.8761, 0.8761, 0.8753, 0.8745, 0.873, 0.8728, 0.8721, 0.8717, 0.8715, 0.8711, 0.8703, 0.8702, 0.8695, 0.8694, 0.8688, 0.8687, 0.8683, 0.8681, 0.868, 0.8678, 0.8677, 0.8676, 0.8674, 0.8669, 0.8671, 0.8671, 0.8667, 0.8666, 0.8662, 0.8656, 0.8656, 0.865, 0.8643, 0.8642, 0.8639, 0.8634, 0.8632, 0.8632, 0.8633, 0.8631, 0.8627, 0.8624, 0.8625, 0.8618, 0.8616, 0.8613, 0.8614, 0.8611, 0.8606, 0.8606, 0.8604, 0.8603, 0.8598, 0.8596, 0.8597, 0.8594, 0.8589, 0.8587, 0.8588, 0.8589, 0.8586, 0.8584, 0.8583, 0.8584, 0.858, 0.8579, 0.8576, 0.8577, 0.8574, 0.8572, 0.8568, 0.8568, 0.8566, 0.8565, 0.8563, 0.8561, 0.5085]
