/home/soham/Soham/pang_reference/AccumulativeAttack/feder_runner.py:93: FutureWarning: You are using `torch.load` with `weights_only=False` (the current default value), which uses the default pickle module implicitly. It is possible to construct malicious pickle data which will execute arbitrary code during unpickling (See https://github.com/pytorch/pytorch/blob/main/SECURITY.md#untrusted-models for more details). In a future release, the default value for `weights_only` will be flipped to `True`. This limits the functions that could be executed during unpickling. Arbitrary objects will no longer be allowed to be loaded via this mode unless they are explicitly allowlisted by the user via `torch.serialization.add_safe_globals`. We recommend you start setting `weights_only=True` for any use case where you don't have full control of the loaded file. Please open an issue on GitHub for any issues related to this experimental feature.
  ckpt = torch.load(os.path.join(args.resume, args.model_name))
Namespace(dataroot='data/CIFAR-10/', shared=None, depth=18, group_norm=32, batch_size=100, test_batch_size=500, workers=0, log_name='log_accu_l0.02_seed1.txt', attack_method='pgd', print_freq=50, lr=0.1, accu_iter=1, online=False, shuffle=False, epsilon=0.2, dset_size=0, use_bn=True, only_second=False, only_normal=False, only_reg=False, test_tri=False, resume='checkpoints_base_bn', model_name='epoch40.pth', mode='train', onlinemode='train', outf='.', momentum=0.9, weight_decay=0, fe_tri_scale=1.0, fe_train_scale=1.0, feder_lambda=0.02, feder_lambda_clean=1.0, epochs=1000, num_steps=2, seed=1, use_initlr=False, threshold=1.202, restore_optimizer=False, clip_gradnorm=False, clipvalue=1, poisoned_trigger_step=1.0, main='federated')
Resuming from checkpoints_base_bn...
Epoch: 40 Error: 0.133
Preparing data...
Files already downloaded and verified
Files already downloaded and verified
 * Acc@1 0.867
Test loss:  0.4575842320919037
Initial test error: 0.1330
 * Acc@1 0.873
Test loss:  0.4308772087097168
Epoch:0 Test error: 0.1274
 * Acc@1 0.884
Test loss:  0.37105855345726013
Epoch:10 Test error: 0.1163
 * Acc@1 0.885
Test loss:  0.36824947595596313
Epoch:20 Test error: 0.1145
 * Acc@1 0.885
Test loss:  0.36633753776550293
Epoch:30 Test error: 0.1148
 * Acc@1 0.885
Test loss:  0.36742401123046875
Epoch:40 Test error: 0.1147
 * Acc@1 0.884
Test loss:  0.3705936074256897
Epoch:50 Test error: 0.1159
 * Acc@1 0.883
Test loss:  0.3740999102592468
Epoch:60 Test error: 0.1172
 * Acc@1 0.883
Test loss:  0.37926366925239563
Epoch:70 Test error: 0.1174
 * Acc@1 0.882
Test loss:  0.38642418384552
Epoch:80 Test error: 0.1177
 * Acc@1 0.881
Test loss:  0.39288201928138733
Epoch:90 Test error: 0.1192
 * Acc@1 0.879
Test loss:  0.3997325897216797
Epoch:100 Test error: 0.1209
 * Acc@1 0.878
Test loss:  0.40636175870895386
Epoch:110 Test error: 0.1215
 * Acc@1 0.876
Test loss:  0.412997305393219
Epoch:120 Test error: 0.1235
 * Acc@1 0.875
Test loss:  0.41941723227500916
Epoch:130 Test error: 0.1245
 * Acc@1 0.874
Test loss:  0.425213485956192
Epoch:140 Test error: 0.1263
 * Acc@1 0.873
Test loss:  0.4307914078235626
Epoch:150 Test error: 0.1275
 * Acc@1 0.872
Test loss:  0.4371280372142792
Epoch:160 Test error: 0.1285
 * Acc@1 0.871
Test loss:  0.44274818897247314
Epoch:170 Test error: 0.1295
 * Acc@1 0.869
Test loss:  0.4467994272708893
Epoch:180 Test error: 0.1309
 * Acc@1 0.869
Test loss:  0.45145806670188904
Epoch:190 Test error: 0.1315
 * Acc@1 0.867
Test loss:  0.4562339782714844
Epoch:200 Test error: 0.1332
 * Acc@1 0.867
Test loss:  0.45869365334510803
Epoch:210 Test error: 0.1335
 * Acc@1 0.866
Test loss:  0.4624532163143158
Epoch:220 Test error: 0.1340
 * Acc@1 0.865
Test loss:  0.46563369035720825
Epoch:230 Test error: 0.1347
 * Acc@1 0.865
Test loss:  0.46840137243270874
Epoch:240 Test error: 0.1348
 * Acc@1 0.865
Test loss:  0.4716249108314514
Epoch:250 Test error: 0.1354
 * Acc@1 0.864
Test loss:  0.47423115372657776
Epoch:260 Test error: 0.1361
 * Acc@1 0.863
Test loss:  0.476604700088501
Epoch:270 Test error: 0.1369
 * Acc@1 0.863
Test loss:  0.4797687530517578
Epoch:280 Test error: 0.1374
 * Acc@1 0.862
Test loss:  0.4823746085166931
Epoch:290 Test error: 0.1385
 * Acc@1 0.861
Test loss:  0.4846213757991791
Epoch:300 Test error: 0.1390
 * Acc@1 0.860
Test loss:  0.4876004457473755
Epoch:310 Test error: 0.1398
 * Acc@1 0.860
Test loss:  0.4901295006275177
Epoch:320 Test error: 0.1399
 * Acc@1 0.860
Test loss:  0.49280229210853577
Epoch:330 Test error: 0.1401
 * Acc@1 0.860
Test loss:  0.49535834789276123
Epoch:340 Test error: 0.1405
 * Acc@1 0.859
Test loss:  0.49748745560646057
Epoch:350 Test error: 0.1411
 * Acc@1 0.859
Test loss:  0.4990619719028473
Epoch:360 Test error: 0.1414
 * Acc@1 0.858
Test loss:  0.501197338104248
Epoch:370 Test error: 0.1417
 * Acc@1 0.858
Test loss:  0.5035565495491028
Epoch:380 Test error: 0.1420
 * Acc@1 0.857
Test loss:  0.505455732345581
Epoch:390 Test error: 0.1426
 * Acc@1 0.858
Test loss:  0.5069503784179688
Epoch:400 Test error: 0.1425
 * Acc@1 0.857
Test loss:  0.5085840821266174
Epoch:410 Test error: 0.1427
 * Acc@1 0.857
Test loss:  0.5105044841766357
Epoch:420 Test error: 0.1429
 * Acc@1 0.857
Test loss:  0.5121898651123047
Epoch:430 Test error: 0.1431
 * Acc@1 0.857
Test loss:  0.5138545036315918
Epoch:440 Test error: 0.1434
 * Acc@1 0.856
Test loss:  0.5156289935112
Epoch:450 Test error: 0.1436
 * Acc@1 0.856
Test loss:  0.5174710154533386
Epoch:460 Test error: 0.1440
 * Acc@1 0.856
Test loss:  0.5189307332038879
Epoch:470 Test error: 0.1442
 * Acc@1 0.855
Test loss:  0.5204936861991882
Epoch:480 Test error: 0.1447
 * Acc@1 0.855
Test loss:  0.5221145749092102
Epoch:490 Test error: 0.1449
 * Acc@1 0.855
Test loss:  0.5236867666244507
Epoch:500 Test error: 0.1453
 * Acc@1 0.854
Test loss:  0.5258463621139526
Epoch:510 Test error: 0.1462
 * Acc@1 0.854
Test loss:  0.5275329351425171
Epoch:520 Test error: 0.1461
 * Acc@1 0.854
Test loss:  0.5284149050712585
Epoch:530 Test error: 0.1457
 * Acc@1 0.854
Test loss:  0.5301967263221741
Epoch:540 Test error: 0.1458
 * Acc@1 0.854
Test loss:  0.5315713882446289
Epoch:550 Test error: 0.1458
 * Acc@1 0.854
Test loss:  0.5329715013504028
Epoch:560 Test error: 0.1461
 * Acc@1 0.854
Test loss:  0.5340707898139954
Epoch:570 Test error: 0.1462
 * Acc@1 0.854
Test loss:  0.5354729294776917
Epoch:580 Test error: 0.1463
 * Acc@1 0.853
Test loss:  0.5368692278862
Epoch:590 Test error: 0.1468
 * Acc@1 0.853
Test loss:  0.5383668541908264
Epoch:600 Test error: 0.1469
 * Acc@1 0.852
Test loss:  0.5399061441421509
Epoch:610 Test error: 0.1476
 * Acc@1 0.852
Test loss:  0.5411991477012634
Epoch:620 Test error: 0.1481
 * Acc@1 0.852
Test loss:  0.5421947240829468
Epoch:630 Test error: 0.1481
 * Acc@1 0.851
Test loss:  0.5442358255386353
Epoch:640 Test error: 0.1488
 * Acc@1 0.851
Test loss:  0.5455424785614014
Epoch:650 Test error: 0.1490
 * Acc@1 0.851
Test loss:  0.5469200015068054
Epoch:660 Test error: 0.1491
 * Acc@1 0.851
Test loss:  0.548238217830658
Epoch:670 Test error: 0.1492
 * Acc@1 0.851
Test loss:  0.549735963344574
Epoch:680 Test error: 0.1495
 * Acc@1 0.850
Test loss:  0.5510329008102417
Epoch:690 Test error: 0.1497
 * Acc@1 0.850
Test loss:  0.5522392988204956
Epoch:700 Test error: 0.1501
 * Acc@1 0.850
Test loss:  0.5534952282905579
Epoch:710 Test error: 0.1504
 * Acc@1 0.849
Test loss:  0.5546111464500427
Epoch:720 Test error: 0.1508
 * Acc@1 0.849
Test loss:  0.555743396282196
Epoch:730 Test error: 0.1508
 * Acc@1 0.849
Test loss:  0.5570650696754456
Epoch:740 Test error: 0.1508
 * Acc@1 0.848
Test loss:  0.558405339717865
Epoch:750 Test error: 0.1516
 * Acc@1 0.848
Test loss:  0.5595216155052185
Epoch:760 Test error: 0.1519
 * Acc@1 0.848
Test loss:  0.5607024431228638
Epoch:770 Test error: 0.1524
 * Acc@1 0.848
Test loss:  0.5617395639419556
Epoch:780 Test error: 0.1525
 * Acc@1 0.847
Test loss:  0.5631175637245178
Epoch:790 Test error: 0.1528
 * Acc@1 0.847
Test loss:  0.5644463896751404
Epoch:800 Test error: 0.1533
 * Acc@1 0.847
Test loss:  0.5652686357498169
Epoch:810 Test error: 0.1533
 * Acc@1 0.847
Test loss:  0.5667761564254761
Epoch:820 Test error: 0.1535
 * Acc@1 0.846
Test loss:  0.5678163170814514
Epoch:830 Test error: 0.1539
 * Acc@1 0.846
Test loss:  0.5690625309944153
Epoch:840 Test error: 0.1543
 * Acc@1 0.846
Test loss:  0.5703502893447876
Epoch:850 Test error: 0.1543
 * Acc@1 0.845
Test loss:  0.5714256763458252
Epoch:860 Test error: 0.1546
 * Acc@1 0.845
Test loss:  0.572813093662262
Epoch:870 Test error: 0.1548
 * Acc@1 0.845
Test loss:  0.5734558701515198
Epoch:880 Test error: 0.1553
 * Acc@1 0.845
Test loss:  0.5750352740287781
Epoch:890 Test error: 0.1552
 * Acc@1 0.844
Test loss:  0.5761309862136841
Epoch:900 Test error: 0.1556
 * Acc@1 0.844
Test loss:  0.5770434737205505
Epoch:910 Test error: 0.1557
 * Acc@1 0.844
Test loss:  0.5781748294830322
Epoch:920 Test error: 0.1559
 * Acc@1 0.844
Test loss:  0.5792527198791504
Epoch:930 Test error: 0.1560
 * Acc@1 0.844
Test loss:  0.580146849155426
Epoch:940 Test error: 0.1562
 * Acc@1 0.844
Test loss:  0.5812061429023743
Epoch:950 Test error: 0.1563
 * Acc@1 0.843
Test loss:  0.5823107361793518
Epoch:960 Test error: 0.1566
 * Acc@1 0.843
Test loss:  0.5832524299621582
Epoch:970 Test error: 0.1570
 * Acc@1 0.843
Test loss:  0.5843328833580017
Epoch:980 Test error: 0.1574
 * Acc@1 0.842
Test loss:  0.5851523280143738
Epoch:990 Test error: 0.1577
 * Acc@1 0.842
Test loss:  0.5861237049102783
Test error before tri: 0.1580
loss on val before tri:  0.4208280146121979
 * Acc@1 0.340
Test loss:  3.9101080894470215
Test error after tri: 0.6597
loss on val after tri:  3.6846752166748047
[0.8726, 0.8837, 0.8855, 0.8852, 0.8853, 0.8841, 0.8828, 0.8826, 0.8823, 0.8808, 0.8791, 0.8785, 0.8765, 0.8755, 0.8737, 0.8725, 0.8715, 0.8705, 0.8691, 0.8685, 0.8668, 0.8665, 0.866, 0.8653, 0.8652, 0.8646, 0.8639, 0.8631, 0.8626, 0.8615, 0.861, 0.8602, 0.8601, 0.8599, 0.8595, 0.8589, 0.8586, 0.8583, 0.858, 0.8574, 0.8575, 0.8573, 0.8571, 0.8569, 0.8566, 0.8564, 0.856, 0.8558, 0.8553, 0.8551, 0.8547, 0.8538, 0.8539, 0.8543, 0.8542, 0.8542, 0.8539, 0.8538, 0.8537, 0.8532, 0.8531, 0.8524, 0.8519, 0.8519, 0.8512, 0.851, 0.8509, 0.8508, 0.8505, 0.8503, 0.8499, 0.8496, 0.8492, 0.8492, 0.8492, 0.8484, 0.8481, 0.8476, 0.8475, 0.8472, 0.8467, 0.8467, 0.8465, 0.8461, 0.8457, 0.8457, 0.8454, 0.8452, 0.8447, 0.8448, 0.8444, 0.8443, 0.8441, 0.844, 0.8438, 0.8437, 0.8434, 0.843, 0.8426, 0.8423, 0.842, 0.34030000000000005]
