/home/soham/Soham/pang_reference/AccumulativeAttack/feder_runner.py:93: FutureWarning: You are using `torch.load` with `weights_only=False` (the current default value), which uses the default pickle module implicitly. It is possible to construct malicious pickle data which will execute arbitrary code during unpickling (See https://github.com/pytorch/pytorch/blob/main/SECURITY.md#untrusted-models for more details). In a future release, the default value for `weights_only` will be flipped to `True`. This limits the functions that could be executed during unpickling. Arbitrary objects will no longer be allowed to be loaded via this mode unless they are explicitly allowlisted by the user via `torch.serialization.add_safe_globals`. We recommend you start setting `weights_only=True` for any use case where you don't have full control of the loaded file. Please open an issue on GitHub for any issues related to this experimental feature.
  ckpt = torch.load(os.path.join(args.resume, args.model_name))
Namespace(dataroot='data/CIFAR-10/', shared=None, depth=18, group_norm=32, batch_size=100, test_batch_size=500, workers=0, log_name='log_accu_l0.05_seed1.txt', attack_method='pgd', print_freq=50, lr=0.1, accu_iter=1, online=False, shuffle=False, epsilon=0.2, dset_size=0, use_bn=True, only_second=False, only_normal=False, only_reg=False, test_tri=False, resume='checkpoints_base_bn', model_name='epoch40.pth', mode='train', onlinemode='train', outf='.', momentum=0.9, weight_decay=0, fe_tri_scale=1.0, fe_train_scale=1.0, feder_lambda=0.05, feder_lambda_clean=1.0, epochs=1000, num_steps=2, seed=1, use_initlr=False, threshold=1.202, restore_optimizer=False, clip_gradnorm=False, clipvalue=1, poisoned_trigger_step=1.0, main='federated')
Resuming from checkpoints_base_bn...
Epoch: 40 Error: 0.133
Preparing data...
Files already downloaded and verified
Files already downloaded and verified
 * Acc@1 0.867
Test loss:  0.4575842320919037
Initial test error: 0.1330
 * Acc@1 0.873
Test loss:  0.43040621280670166
Epoch:0 Test error: 0.1275
 * Acc@1 0.885
Test loss:  0.37220725417137146
Epoch:10 Test error: 0.1145
 * Acc@1 0.884
Test loss:  0.37057462334632874
Epoch:20 Test error: 0.1163
 * Acc@1 0.882
Test loss:  0.3791145384311676
Epoch:30 Test error: 0.1182
 * Acc@1 0.880
Test loss:  0.39102837443351746
Epoch:40 Test error: 0.1200
 * Acc@1 0.877
Test loss:  0.4053207337856293
Epoch:50 Test error: 0.1228
 * Acc@1 0.872
Test loss:  0.42198988795280457
Epoch:60 Test error: 0.1281
 * Acc@1 0.870
Test loss:  0.43901845812797546
Epoch:70 Test error: 0.1302
 * Acc@1 0.866
Test loss:  0.45214369893074036
Epoch:80 Test error: 0.1337
 * Acc@1 0.863
Test loss:  0.4646415412425995
Epoch:90 Test error: 0.1368
 * Acc@1 0.861
Test loss:  0.47538599371910095
Epoch:100 Test error: 0.1392
 * Acc@1 0.860
Test loss:  0.4851524531841278
Epoch:110 Test error: 0.1405
 * Acc@1 0.858
Test loss:  0.4921969175338745
Epoch:120 Test error: 0.1418
 * Acc@1 0.857
Test loss:  0.49918511509895325
Epoch:130 Test error: 0.1432
 * Acc@1 0.856
Test loss:  0.5055474042892456
Epoch:140 Test error: 0.1444
 * Acc@1 0.855
Test loss:  0.5108996033668518
Epoch:150 Test error: 0.1452
 * Acc@1 0.854
Test loss:  0.5167992115020752
Epoch:160 Test error: 0.1465
 * Acc@1 0.852
Test loss:  0.5217135548591614
Epoch:170 Test error: 0.1477
 * Acc@1 0.852
Test loss:  0.5262321829795837
Epoch:180 Test error: 0.1481
 * Acc@1 0.851
Test loss:  0.5303092002868652
Epoch:190 Test error: 0.1490
 * Acc@1 0.851
Test loss:  0.5347751975059509
Epoch:200 Test error: 0.1493
 * Acc@1 0.850
Test loss:  0.5396561026573181
Epoch:210 Test error: 0.1499
 * Acc@1 0.850
Test loss:  0.5427814722061157
Epoch:220 Test error: 0.1499
 * Acc@1 0.850
Test loss:  0.5460235476493835
Epoch:230 Test error: 0.1502
 * Acc@1 0.849
Test loss:  0.5487723350524902
Epoch:240 Test error: 0.1506
 * Acc@1 0.848
Test loss:  0.553433895111084
Epoch:250 Test error: 0.1516
 * Acc@1 0.848
Test loss:  0.5570967793464661
Epoch:260 Test error: 0.1522
 * Acc@1 0.847
Test loss:  0.5601402521133423
Epoch:270 Test error: 0.1528
 * Acc@1 0.847
Test loss:  0.5629425644874573
Epoch:280 Test error: 0.1534
 * Acc@1 0.846
Test loss:  0.5664526224136353
Epoch:290 Test error: 0.1545
 * Acc@1 0.845
Test loss:  0.5693522691726685
Epoch:300 Test error: 0.1552
 * Acc@1 0.844
Test loss:  0.5727097392082214
Epoch:310 Test error: 0.1563
 * Acc@1 0.844
Test loss:  0.5748776197433472
Epoch:320 Test error: 0.1565
 * Acc@1 0.843
Test loss:  0.5784878730773926
Epoch:330 Test error: 0.1573
 * Acc@1 0.842
Test loss:  0.5814973711967468
Epoch:340 Test error: 0.1583
 * Acc@1 0.842
Test loss:  0.5839348435401917
Epoch:350 Test error: 0.1584
 * Acc@1 0.841
Test loss:  0.5868313312530518
Epoch:360 Test error: 0.1589
 * Acc@1 0.841
Test loss:  0.589450478553772
Epoch:370 Test error: 0.1591
 * Acc@1 0.841
Test loss:  0.5919675827026367
Epoch:380 Test error: 0.1594
 * Acc@1 0.840
Test loss:  0.5942689776420593
Epoch:390 Test error: 0.1600
 * Acc@1 0.840
Test loss:  0.5965142846107483
Epoch:400 Test error: 0.1599
 * Acc@1 0.839
Test loss:  0.5990056395530701
Epoch:410 Test error: 0.1606
 * Acc@1 0.839
Test loss:  0.6011558771133423
Epoch:420 Test error: 0.1613
 * Acc@1 0.838
Test loss:  0.6038543581962585
Epoch:430 Test error: 0.1621
 * Acc@1 0.838
Test loss:  0.6056271195411682
Epoch:440 Test error: 0.1625
 * Acc@1 0.837
Test loss:  0.6077933311462402
Epoch:450 Test error: 0.1629
 * Acc@1 0.836
Test loss:  0.6104484796524048
Epoch:460 Test error: 0.1636
 * Acc@1 0.836
Test loss:  0.6123554706573486
Epoch:470 Test error: 0.1638
 * Acc@1 0.836
Test loss:  0.6147065758705139
Epoch:480 Test error: 0.1641
 * Acc@1 0.836
Test loss:  0.6163666248321533
Epoch:490 Test error: 0.1643
 * Acc@1 0.835
Test loss:  0.6185296177864075
Epoch:500 Test error: 0.1649
 * Acc@1 0.835
Test loss:  0.619952917098999
Epoch:510 Test error: 0.1652
 * Acc@1 0.834
Test loss:  0.6218246817588806
Epoch:520 Test error: 0.1658
 * Acc@1 0.834
Test loss:  0.6237419843673706
Epoch:530 Test error: 0.1662
 * Acc@1 0.833
Test loss:  0.6256184577941895
Epoch:540 Test error: 0.1667
 * Acc@1 0.833
Test loss:  0.6272701621055603
Epoch:550 Test error: 0.1674
 * Acc@1 0.832
Test loss:  0.6289901733398438
Epoch:560 Test error: 0.1678
 * Acc@1 0.832
Test loss:  0.6309807896614075
Epoch:570 Test error: 0.1679
 * Acc@1 0.832
Test loss:  0.6321887969970703
Epoch:580 Test error: 0.1681
 * Acc@1 0.832
Test loss:  0.6339775323867798
Epoch:590 Test error: 0.1684
 * Acc@1 0.831
Test loss:  0.6355300545692444
Epoch:600 Test error: 0.1692
 * Acc@1 0.831
Test loss:  0.6369581818580627
Epoch:610 Test error: 0.1692
 * Acc@1 0.831
Test loss:  0.6383390426635742
Epoch:620 Test error: 0.1691
 * Acc@1 0.831
Test loss:  0.6396886706352234
Epoch:630 Test error: 0.1695
 * Acc@1 0.830
Test loss:  0.6413089632987976
Epoch:640 Test error: 0.1700
 * Acc@1 0.830
Test loss:  0.6432653069496155
Epoch:650 Test error: 0.1702
 * Acc@1 0.830
Test loss:  0.6444865465164185
Epoch:660 Test error: 0.1704
 * Acc@1 0.829
Test loss:  0.6463151574134827
Epoch:670 Test error: 0.1706
 * Acc@1 0.829
Test loss:  0.6481521725654602
Epoch:680 Test error: 0.1708
 * Acc@1 0.829
Test loss:  0.6501198410987854
Epoch:690 Test error: 0.1712
 * Acc@1 0.829
Test loss:  0.6510786414146423
Epoch:700 Test error: 0.1713
 * Acc@1 0.829
Test loss:  0.6522756814956665
Epoch:710 Test error: 0.1713
 * Acc@1 0.828
Test loss:  0.6540603637695312
Epoch:720 Test error: 0.1718
 * Acc@1 0.828
Test loss:  0.6548745632171631
Epoch:730 Test error: 0.1722
 * Acc@1 0.828
Test loss:  0.6556175947189331
Epoch:740 Test error: 0.1724
 * Acc@1 0.827
Test loss:  0.6576533317565918
Epoch:750 Test error: 0.1728
 * Acc@1 0.827
Test loss:  0.6583545207977295
Epoch:760 Test error: 0.1726
 * Acc@1 0.827
Test loss:  0.659722626209259
Epoch:770 Test error: 0.1728
 * Acc@1 0.826
Test loss:  0.6610967516899109
Epoch:780 Test error: 0.1736
 * Acc@1 0.827
Test loss:  0.661571204662323
Epoch:790 Test error: 0.1735
 * Acc@1 0.826
Test loss:  0.6630500555038452
Epoch:800 Test error: 0.1739
 * Acc@1 0.826
Test loss:  0.6641628742218018
Epoch:810 Test error: 0.1740
 * Acc@1 0.826
Test loss:  0.6651661992073059
Epoch:820 Test error: 0.1739
 * Acc@1 0.826
Test loss:  0.6664471626281738
Epoch:830 Test error: 0.1740
 * Acc@1 0.826
Test loss:  0.6674452424049377
Epoch:840 Test error: 0.1742
 * Acc@1 0.826
Test loss:  0.6683699488639832
Epoch:850 Test error: 0.1742
 * Acc@1 0.826
Test loss:  0.6691552996635437
Epoch:860 Test error: 0.1744
 * Acc@1 0.825
Test loss:  0.6704455018043518
Epoch:870 Test error: 0.1746
 * Acc@1 0.825
Test loss:  0.670863687992096
Epoch:880 Test error: 0.1751
 * Acc@1 0.825
Test loss:  0.6720203161239624
Epoch:890 Test error: 0.1752
 * Acc@1 0.825
Test loss:  0.6732039451599121
Epoch:900 Test error: 0.1754
 * Acc@1 0.824
Test loss:  0.6741966605186462
Epoch:910 Test error: 0.1756
 * Acc@1 0.824
Test loss:  0.6754873394966125
Epoch:920 Test error: 0.1758
 * Acc@1 0.824
Test loss:  0.6759547591209412
Epoch:930 Test error: 0.1764
 * Acc@1 0.823
Test loss:  0.6767705082893372
Epoch:940 Test error: 0.1766
 * Acc@1 0.824
Test loss:  0.6782052516937256
Epoch:950 Test error: 0.1765
 * Acc@1 0.824
Test loss:  0.6798580288887024
Epoch:960 Test error: 0.1765
 * Acc@1 0.823
Test loss:  0.680471658706665
Epoch:970 Test error: 0.1766
 * Acc@1 0.823
Test loss:  0.6816112995147705
Epoch:980 Test error: 0.1769
 * Acc@1 0.823
Test loss:  0.6826084852218628
Epoch:990 Test error: 0.1768
 * Acc@1 0.823
Test loss:  0.6833887696266174
Test error before tri: 0.1769
loss on val before tri:  0.45747828483581543
 * Acc@1 0.190
Test loss:  5.130183696746826
Test error after tri: 0.8101
loss on val after tri:  4.906497478485107
[0.8725, 0.8855, 0.8837, 0.8818, 0.88, 0.8772, 0.8719, 0.8698, 0.8663, 0.8632, 0.8608, 0.8595, 0.8582, 0.8568, 0.8556, 0.8548, 0.8535, 0.8523, 0.8519, 0.851, 0.8507, 0.8501, 0.8501, 0.8498, 0.8494, 0.8484, 0.8478, 0.8472, 0.8466, 0.8455, 0.8448, 0.8437, 0.8435, 0.8427, 0.8417, 0.8416, 0.8411, 0.8409, 0.8406, 0.84, 0.8401, 0.8394, 0.8387, 0.8379, 0.8375, 0.8371, 0.8364, 0.8362, 0.8359, 0.8357, 0.8351, 0.8348, 0.8342, 0.8338, 0.8333, 0.8326, 0.8322, 0.8321, 0.8319, 0.8316, 0.8308, 0.8308, 0.8309, 0.8305, 0.83, 0.8298, 0.8296, 0.8294, 0.8292, 0.8288, 0.8287, 0.8287, 0.8282, 0.8278, 0.8276, 0.8272, 0.8274, 0.8272, 0.8264, 0.8265, 0.8261, 0.826, 0.8261, 0.826, 0.8258, 0.8258, 0.8256, 0.8254, 0.8249, 0.8248, 0.8246, 0.8244, 0.8242, 0.8236, 0.8234, 0.8235, 0.8235, 0.8234, 0.8231, 0.8232, 0.8231, 0.18989999999999996]
