/home/soham/Soham/pang_reference/AccumulativeAttack/feder_runner.py:93: FutureWarning: You are using `torch.load` with `weights_only=False` (the current default value), which uses the default pickle module implicitly. It is possible to construct malicious pickle data which will execute arbitrary code during unpickling (See https://github.com/pytorch/pytorch/blob/main/SECURITY.md#untrusted-models for more details). In a future release, the default value for `weights_only` will be flipped to `True`. This limits the functions that could be executed during unpickling. Arbitrary objects will no longer be allowed to be loaded via this mode unless they are explicitly allowlisted by the user via `torch.serialization.add_safe_globals`. We recommend you start setting `weights_only=True` for any use case where you don't have full control of the loaded file. Please open an issue on GitHub for any issues related to this experimental feature.
  ckpt = torch.load(os.path.join(args.resume, args.model_name))
Namespace(dataroot='data/CIFAR-10/', shared=None, depth=18, group_norm=32, batch_size=100, test_batch_size=500, workers=0, log_name='log_accu_l0.08_seed2.txt', attack_method='pgd', print_freq=50, lr=0.1, accu_iter=1, online=False, shuffle=False, epsilon=0.2, dset_size=0, use_bn=True, only_second=False, only_normal=False, only_reg=False, test_tri=False, resume='checkpoints_base_bn', model_name='epoch40.pth', mode='train', onlinemode='train', outf='.', momentum=0.9, weight_decay=0, fe_tri_scale=1.0, fe_train_scale=1.0, feder_lambda=0.08, feder_lambda_clean=1.0, epochs=1000, num_steps=2, seed=2, use_initlr=False, threshold=1.202, restore_optimizer=False, clip_gradnorm=False, clipvalue=1, poisoned_trigger_step=1.0, main='federated')
Resuming from checkpoints_base_bn...
Epoch: 40 Error: 0.133
Preparing data...
Files already downloaded and verified
Files already downloaded and verified
 * Acc@1 0.867
Test loss:  0.4575841724872589
Initial test error: 0.1330
 * Acc@1 0.873
Test loss:  0.4295535683631897
Epoch:0 Test error: 0.1274
 * Acc@1 0.878
Test loss:  0.4003337323665619
Epoch:10 Test error: 0.1221
 * Acc@1 0.874
Test loss:  0.42685914039611816
Epoch:20 Test error: 0.1264
 * Acc@1 0.863
Test loss:  0.47549232840538025
Epoch:30 Test error: 0.1375
 * Acc@1 0.854
Test loss:  0.50849848985672
Epoch:40 Test error: 0.1460
 * Acc@1 0.853
Test loss:  0.5291592478752136
Epoch:50 Test error: 0.1475
 * Acc@1 0.847
Test loss:  0.5546934604644775
Epoch:60 Test error: 0.1535
 * Acc@1 0.844
Test loss:  0.5702343583106995
Epoch:70 Test error: 0.1562
 * Acc@1 0.842
Test loss:  0.5820950269699097
Epoch:80 Test error: 0.1579
 * Acc@1 0.840
Test loss:  0.5967172384262085
Epoch:90 Test error: 0.1602
 * Acc@1 0.838
Test loss:  0.606956422328949
Epoch:100 Test error: 0.1616
 * Acc@1 0.836
Test loss:  0.6149130463600159
Epoch:110 Test error: 0.1643
 * Acc@1 0.833
Test loss:  0.6233624219894409
Epoch:120 Test error: 0.1671
 * Acc@1 0.831
Test loss:  0.6316110491752625
Epoch:130 Test error: 0.1691
 * Acc@1 0.830
Test loss:  0.639846682548523
Epoch:140 Test error: 0.1703
 * Acc@1 0.830
Test loss:  0.6464569568634033
Epoch:150 Test error: 0.1703
 * Acc@1 0.828
Test loss:  0.6533101797103882
Epoch:160 Test error: 0.1719
 * Acc@1 0.826
Test loss:  0.661324143409729
Epoch:170 Test error: 0.1736
 * Acc@1 0.824
Test loss:  0.6693517565727234
Epoch:180 Test error: 0.1758
 * Acc@1 0.823
Test loss:  0.6751466989517212
Epoch:190 Test error: 0.1766
 * Acc@1 0.822
Test loss:  0.6808919310569763
Epoch:200 Test error: 0.1782
 * Acc@1 0.820
Test loss:  0.6888177990913391
Epoch:210 Test error: 0.1797
 * Acc@1 0.820
Test loss:  0.6952390670776367
Epoch:220 Test error: 0.1799
 * Acc@1 0.820
Test loss:  0.6994427442550659
Epoch:230 Test error: 0.1803
 * Acc@1 0.817
Test loss:  0.7058718800544739
Epoch:240 Test error: 0.1827
 * Acc@1 0.816
Test loss:  0.7102522253990173
Epoch:250 Test error: 0.1839
 * Acc@1 0.816
Test loss:  0.7154828906059265
Epoch:260 Test error: 0.1844
 * Acc@1 0.815
Test loss:  0.7217280268669128
Epoch:270 Test error: 0.1852
 * Acc@1 0.815
Test loss:  0.7259415984153748
Epoch:280 Test error: 0.1851
 * Acc@1 0.814
Test loss:  0.7320594787597656
Epoch:290 Test error: 0.1863
 * Acc@1 0.812
Test loss:  0.7359920144081116
Epoch:300 Test error: 0.1876
 * Acc@1 0.811
Test loss:  0.7406153678894043
Epoch:310 Test error: 0.1885
 * Acc@1 0.810
Test loss:  0.7453114986419678
Epoch:320 Test error: 0.1898
 * Acc@1 0.810
Test loss:  0.7500994205474854
Epoch:330 Test error: 0.1899
 * Acc@1 0.809
Test loss:  0.7543869018554688
Epoch:340 Test error: 0.1905
 * Acc@1 0.809
Test loss:  0.7599384188652039
Epoch:350 Test error: 0.1912
 * Acc@1 0.808
Test loss:  0.765791654586792
Epoch:360 Test error: 0.1923
 * Acc@1 0.806
Test loss:  0.7694488167762756
Epoch:370 Test error: 0.1937
 * Acc@1 0.805
Test loss:  0.772226870059967
Epoch:380 Test error: 0.1946
 * Acc@1 0.804
Test loss:  0.7767124176025391
Epoch:390 Test error: 0.1958
 * Acc@1 0.804
Test loss:  0.7823593020439148
Epoch:400 Test error: 0.1963
 * Acc@1 0.803
Test loss:  0.7850170135498047
Epoch:410 Test error: 0.1969
 * Acc@1 0.802
Test loss:  0.7869706153869629
Epoch:420 Test error: 0.1975
 * Acc@1 0.802
Test loss:  0.7907927632331848
Epoch:430 Test error: 0.1981
 * Acc@1 0.801
Test loss:  0.7926657795906067
Epoch:440 Test error: 0.1985
 * Acc@1 0.801
Test loss:  0.7973378300666809
Epoch:450 Test error: 0.1987
 * Acc@1 0.801
Test loss:  0.8006628155708313
Epoch:460 Test error: 0.1990
 * Acc@1 0.800
Test loss:  0.8046213984489441
Epoch:470 Test error: 0.2000
 * Acc@1 0.799
Test loss:  0.8084733486175537
Epoch:480 Test error: 0.2008
 * Acc@1 0.798
Test loss:  0.8137301802635193
Epoch:490 Test error: 0.2015
 * Acc@1 0.799
Test loss:  0.8114537000656128
Epoch:500 Test error: 0.2012
 * Acc@1 0.798
Test loss:  0.816379964351654
Epoch:510 Test error: 0.2022
 * Acc@1 0.797
Test loss:  0.8198807835578918
Epoch:520 Test error: 0.2031
 * Acc@1 0.797
Test loss:  0.8210073113441467
Epoch:530 Test error: 0.2032
 * Acc@1 0.796
Test loss:  0.8262007832527161
Epoch:540 Test error: 0.2042
 * Acc@1 0.795
Test loss:  0.827764630317688
Epoch:550 Test error: 0.2051
 * Acc@1 0.795
Test loss:  0.8314164876937866
Epoch:560 Test error: 0.2054
 * Acc@1 0.793
Test loss:  0.8341020345687866
Epoch:570 Test error: 0.2065
 * Acc@1 0.793
Test loss:  0.8386265635490417
Epoch:580 Test error: 0.2072
 * Acc@1 0.793
Test loss:  0.8365922570228577
Epoch:590 Test error: 0.2070
 * Acc@1 0.792
Test loss:  0.8407641649246216
Epoch:600 Test error: 0.2077
 * Acc@1 0.792
Test loss:  0.8437010645866394
Epoch:610 Test error: 0.2081
 * Acc@1 0.792
Test loss:  0.8447610139846802
Epoch:620 Test error: 0.2079
 * Acc@1 0.791
Test loss:  0.8488097786903381
Epoch:630 Test error: 0.2089
 * Acc@1 0.790
Test loss:  0.8530818223953247
Epoch:640 Test error: 0.2101
 * Acc@1 0.789
Test loss:  0.8547499179840088
Epoch:650 Test error: 0.2106
 * Acc@1 0.789
Test loss:  0.8573660850524902
Epoch:660 Test error: 0.2108
 * Acc@1 0.789
Test loss:  0.8587156534194946
Epoch:670 Test error: 0.2108
 * Acc@1 0.788
Test loss:  0.8636964559555054
Epoch:680 Test error: 0.2119
 * Acc@1 0.788
Test loss:  0.8670042753219604
Epoch:690 Test error: 0.2121
 * Acc@1 0.787
Test loss:  0.8696759939193726
Epoch:700 Test error: 0.2126
 * Acc@1 0.787
Test loss:  0.8727310299873352
Epoch:710 Test error: 0.2128
 * Acc@1 0.787
Test loss:  0.8744678497314453
Epoch:720 Test error: 0.2129
 * Acc@1 0.786
Test loss:  0.8778765797615051
Epoch:730 Test error: 0.2140
 * Acc@1 0.785
Test loss:  0.8807752132415771
Epoch:740 Test error: 0.2147
 * Acc@1 0.785
Test loss:  0.8830581903457642
Epoch:750 Test error: 0.2150
 * Acc@1 0.784
Test loss:  0.8869451284408569
Epoch:760 Test error: 0.2156
 * Acc@1 0.783
Test loss:  0.8889936804771423
Epoch:770 Test error: 0.2165
 * Acc@1 0.783
Test loss:  0.8919551968574524
Epoch:780 Test error: 0.2173
 * Acc@1 0.782
Test loss:  0.8945594429969788
Epoch:790 Test error: 0.2180
 * Acc@1 0.782
Test loss:  0.8967533111572266
Epoch:800 Test error: 0.2177
 * Acc@1 0.782
Test loss:  0.8994844555854797
Epoch:810 Test error: 0.2180
 * Acc@1 0.781
Test loss:  0.9020731449127197
Epoch:820 Test error: 0.2187
 * Acc@1 0.780
Test loss:  0.9051005840301514
Epoch:830 Test error: 0.2195
 * Acc@1 0.780
Test loss:  0.90764981508255
Epoch:840 Test error: 0.2199
 * Acc@1 0.780
Test loss:  0.9097756743431091
Epoch:850 Test error: 0.2203
 * Acc@1 0.780
Test loss:  0.9122238159179688
Epoch:860 Test error: 0.2204
 * Acc@1 0.780
Test loss:  0.9145169854164124
Epoch:870 Test error: 0.2204
 * Acc@1 0.779
Test loss:  0.9169577360153198
Epoch:880 Test error: 0.2209
 * Acc@1 0.779
Test loss:  0.9197416305541992
Epoch:890 Test error: 0.2208
 * Acc@1 0.779
Test loss:  0.9218480587005615
Epoch:900 Test error: 0.2208
 * Acc@1 0.779
Test loss:  0.9242697954177856
Epoch:910 Test error: 0.2205
 * Acc@1 0.779
Test loss:  0.926337480545044
Epoch:920 Test error: 0.2210
 * Acc@1 0.780
Test loss:  0.9273477792739868
Epoch:930 Test error: 0.2204
 * Acc@1 0.779
Test loss:  0.9305404424667358
Epoch:940 Test error: 0.2213
 * Acc@1 0.779
Test loss:  0.9323753118515015
Epoch:950 Test error: 0.2214
 * Acc@1 0.778
Test loss:  0.9358851313591003
Epoch:960 Test error: 0.2222
 * Acc@1 0.778
Test loss:  0.9384130835533142
Epoch:970 Test error: 0.2223
 * Acc@1 0.778
Test loss:  0.939842939376831
Epoch:980 Test error: 0.2223
 * Acc@1 0.777
Test loss:  0.9415959715843201
Epoch:990 Test error: 0.2230
 * Acc@1 0.777
Test loss:  0.9429401159286499
Test error before tri: 0.2230
loss on val before tri:  0.6942729949951172
 * Acc@1 0.235
Test loss:  5.994908332824707
Test error after tri: 0.7654
loss on val after tri:  5.993741989135742
[0.8726, 0.8779, 0.8736, 0.8625, 0.854, 0.8525, 0.8465, 0.8438, 0.8421, 0.8398, 0.8384, 0.8357, 0.8329, 0.8309, 0.8297, 0.8297, 0.8281, 0.8264, 0.8242, 0.8234, 0.8218, 0.8203, 0.8201, 0.8197, 0.8173, 0.8161, 0.8156, 0.8148, 0.8149, 0.8137, 0.8124, 0.8115, 0.8102, 0.8101, 0.8095, 0.8088, 0.8077, 0.8063, 0.8054, 0.8042, 0.8037, 0.8031, 0.8025, 0.8019, 0.8015, 0.8013, 0.801, 0.8, 0.7992, 0.7985, 0.7988, 0.7978, 0.7969, 0.7968, 0.7958, 0.7949, 0.7946, 0.7935, 0.7928, 0.793, 0.7923, 0.7919, 0.7921, 0.7911, 0.7899, 0.7894, 0.7892, 0.7892, 0.7881, 0.7879, 0.7874, 0.7872, 0.7871, 0.786, 0.7853, 0.785, 0.7844, 0.7835, 0.7827, 0.782, 0.7823, 0.782, 0.7813, 0.7805, 0.7801, 0.7797, 0.7796, 0.7796, 0.7791, 0.7792, 0.7792, 0.7795, 0.779, 0.7796, 0.7787, 0.7786, 0.7778, 0.7777, 0.7777, 0.777, 0.777, 0.23460000000000003]
