/home/soham/Soham/pang_reference/AccumulativeAttack/clipcheck.py:17: FutureWarning: You are using `torch.load` with `weights_only=False` (the current default value), which uses the default pickle module implicitly. It is possible to construct malicious pickle data which will execute arbitrary code during unpickling (See https://github.com/pytorch/pytorch/blob/main/SECURITY.md#untrusted-models for more details). In a future release, the default value for `weights_only` will be flipped to `True`. This limits the functions that could be executed during unpickling. Arbitrary objects will no longer be allowed to be loaded via this mode unless they are explicitly allowlisted by the user via `torch.serialization.add_safe_globals`. We recommend you start setting `weights_only=True` for any use case where you don't have full control of the loaded file. Please open an issue on GitHub for any issues related to this experimental feature.
  torch.load = lambda *a, **k: _load(*a, **{'map_location': 'cpu', **k})
Namespace(dataroot='data/CIFAR-10/', shared=None, depth=18, group_norm=32, batch_size=100, test_batch_size=500, workers=0, log_name='clipcheck_seed2.txt', attack_method='pgd', print_freq=50, lr=0.1, accu_iter=1, online=False, shuffle=False, epsilon=0.2, dset_size=0, use_bn=True, only_second=False, only_normal=False, only_reg=False, test_tri=False, resume='checkpoints_base_bn', model_name='epoch40.pth', mode='train', onlinemode='train', outf='.', momentum=0.9, weight_decay=0, fe_tri_scale=1.0, fe_train_scale=1.0, feder_lambda=0.05, feder_lambda_clean=1.0, epochs=5, num_steps=2, seed=2, use_initlr=False, threshold=1.202, restore_optimizer=False, clip_gradnorm=True, clipvalue=1.0, poisoned_trigger_step=1.0, main='federated')
Resuming from checkpoints_base_bn...
Epoch: 40 Error: 0.133
Preparing data...
Files already downloaded and verified
Files already downloaded and verified
 * Acc@1 0.867
Test loss:  0.45758721232414246
Initial test error: 0.1330
[clipcheck] call 1 norm_type=2.0 total_norm=0.0728972 max_norm=1.0 clipped=False
tensor(0.0729)
 * Acc@1 0.873
Test loss:  0.43005308508872986
Epoch:0 Test error: 0.1273
[clipcheck] call 2 norm_type=2.0 total_norm=0.0683338 max_norm=1.0 clipped=False
tensor(0.0683)
[clipcheck] call 3 norm_type=2.0 total_norm=0.061015 max_norm=1.0 clipped=False
tensor(0.0610)
[clipcheck] call 4 norm_type=2.0 total_norm=0.0535085 max_norm=1.0 clipped=False
tensor(0.0535)
[clipcheck] call 5 norm_type=2.0 total_norm=0.047507 max_norm=1.0 clipped=False
tensor(0.0475)
 * Acc@1 0.882
Test loss:  0.38809970021247864
Test error before tri: 0.1180
loss on val before tri:  0.39351287484169006
[clipcheck] call 6 norm_type=inf total_norm=0.0467701 max_norm=1.0 clipped=False
 * Acc@1 0.883
Test loss:  0.3893886208534241
Test error after tri: 0.1172
loss on val after tri:  0.39430105686187744
[0.8727, 0.882, 0.8828]
